
> collabcanvas@0.1.0 test
> react-scripts test --watchAll=false --passWithNoTests

PASS src/services/__tests__/auth.service.test.ts
PASS src/hooks/__tests__/useCanvas.test.tsx
PASS src/__tests__/canvas.integration.test.tsx
  ● Console

    console.error
      Warning: Function components cannot be given refs. Attempts to access this ref will fail. Did you mean to use React.forwardRef()?
      
      Check the render method of `Canvas`.
          at Stage (/Users/mylessjs/Desktop/Collab-Canvas/collabcanvas/src/__tests__/canvas.integration.test.tsx:12:13)
          at div
          at Canvas (/Users/mylessjs/Desktop/Collab-Canvas/collabcanvas/src/components/Canvas/Canvas.tsx:16:60)
          at CanvasProvider (/Users/mylessjs/Desktop/Collab-Canvas/collabcanvas/src/context/CanvasContext.tsx:43:65)

      30 |
      31 |   it('should render canvas with correct dimensions', () => {
    > 32 |     render(
         |           ^
      33 |       <CanvasProvider>
      34 |         <Canvas />
      35 |       </CanvasProvider>

      at printWarning (node_modules/react-dom/cjs/react-dom.development.js:86:30)
      at error (node_modules/react-dom/cjs/react-dom.development.js:60:7)
      at validateFunctionComponentInDev (node_modules/react-dom/cjs/react-dom.development.js:20222:9)
      at mountIndeterminateComponent (node_modules/react-dom/cjs/react-dom.development.js:20189:7)
      at beginWork (node_modules/react-dom/cjs/react-dom.development.js:21626:16)
      at beginWork$1 (node_modules/react-dom/cjs/react-dom.development.js:27465:14)
      at performUnitOfWork (node_modules/react-dom/cjs/react-dom.development.js:26599:12)
      at workLoopSync (node_modules/react-dom/cjs/react-dom.development.js:26505:5)
      at renderRootSync (node_modules/react-dom/cjs/react-dom.development.js:26473:7)
      at performConcurrentWorkOnRoot (node_modules/react-dom/cjs/react-dom.development.js:25777:74)
      at flushActQueue (node_modules/react/cjs/react.development.js:2667:24)
      at act (node_modules/react/cjs/react.development.js:2582:11)
      at node_modules/@testing-library/react/dist/act-compat.js:47:25
      at renderRoot (node_modules/@testing-library/react/dist/pure.js:190:26)
      at render (node_modules/@testing-library/react/dist/pure.js:292:10)
      at Object.<anonymous> (src/__tests__/canvas.integration.test.tsx:32:11)

FAIL src/App.test.tsx
  ● Test suite failed to run

    Cannot find module 'canvas' from 'node_modules/konva/lib/index-node.js'

    Require stack:
      node_modules/konva/lib/index-node.js
      node_modules/react-konva/lib/ReactKonva.js
      src/components/Canvas/Canvas.tsx
      src/App.tsx
      src/App.test.tsx

      1 | // Canvas component with Konva.js - pan, zoom, and off-white background
      2 | import React, { useRef, useEffect, useState } from 'react';
    > 3 | import { Stage, Layer, Rect } from 'react-konva';
        | ^
      4 | import Konva from 'konva';
      5 | import { useCanvas } from '../../hooks/useCanvas';
      6 | import { FPSCounter } from './FPSCounter';

      at Resolver.resolveModule (node_modules/jest-resolve/build/resolver.js:324:11)
      at Object.<anonymous> (node_modules/konva/lib/index-node.js:4:16)
      at Object.<anonymous> (node_modules/react-konva/lib/ReactKonva.js:24:1)
      at Object.<anonymous> (src/components/Canvas/Canvas.tsx:3:1)
      at Object.<anonymous> (src/App.tsx:12:1)
      at Object.<anonymous> (src/App.test.tsx:3:1)

FAIL src/__tests__/auth.integration.test.tsx
  ● Test suite failed to run

    Cannot find module 'canvas' from 'node_modules/konva/lib/index-node.js'

    Require stack:
      node_modules/konva/lib/index-node.js
      node_modules/react-konva/lib/ReactKonva.js
      src/components/Canvas/Canvas.tsx
      src/App.tsx
      src/__tests__/auth.integration.test.tsx

      1 | // Canvas component with Konva.js - pan, zoom, and off-white background
      2 | import React, { useRef, useEffect, useState } from 'react';
    > 3 | import { Stage, Layer, Rect } from 'react-konva';
        | ^
      4 | import Konva from 'konva';
      5 | import { useCanvas } from '../../hooks/useCanvas';
      6 | import { FPSCounter } from './FPSCounter';

      at Resolver.resolveModule (node_modules/jest-resolve/build/resolver.js:324:11)
      at Object.<anonymous> (node_modules/konva/lib/index-node.js:4:16)
      at Object.<anonymous> (node_modules/react-konva/lib/ReactKonva.js:24:1)
      at Object.<anonymous> (src/components/Canvas/Canvas.tsx:3:1)
      at Object.<anonymous> (src/App.tsx:12:1)
      at Object.<anonymous> (src/__tests__/auth.integration.test.tsx:5:1)

FAIL src/__tests__/ui-layout.integration.test.tsx
  ● Console

    console.error
      Warning: Function components cannot be given refs. Attempts to access this ref will fail. Did you mean to use React.forwardRef()?
      
      Check the render method of `Canvas`.
          at Stage (/Users/mylessjs/Desktop/Collab-Canvas/collabcanvas/src/__tests__/ui-layout.integration.test.tsx:39:13)
          at div
          at Canvas (/Users/mylessjs/Desktop/Collab-Canvas/collabcanvas/src/components/Canvas/Canvas.tsx:16:60)
          at div
          at div
          at div
          at MainLayout (/Users/mylessjs/Desktop/Collab-Canvas/collabcanvas/src/components/Layout/MainLayout.tsx:12:3)
          at CanvasProvider (/Users/mylessjs/Desktop/Collab-Canvas/collabcanvas/src/context/CanvasContext.tsx:43:65)
          at AuthProvider (/Users/mylessjs/Desktop/Collab-Canvas/collabcanvas/src/context/AuthContext.tsx:24:61)

      52 |
      53 |   it('should render 3-column layout with all sections', async () => {
    > 54 |     render(
         |           ^
      55 |       <AuthProvider>
      56 |         <CanvasProvider>
      57 |           <MainLayout

      at printWarning (node_modules/react-dom/cjs/react-dom.development.js:86:30)
      at error (node_modules/react-dom/cjs/react-dom.development.js:60:7)
      at validateFunctionComponentInDev (node_modules/react-dom/cjs/react-dom.development.js:20222:9)
      at mountIndeterminateComponent (node_modules/react-dom/cjs/react-dom.development.js:20189:7)
      at beginWork (node_modules/react-dom/cjs/react-dom.development.js:21626:16)
      at beginWork$1 (node_modules/react-dom/cjs/react-dom.development.js:27465:14)
      at performUnitOfWork (node_modules/react-dom/cjs/react-dom.development.js:26599:12)
      at workLoopSync (node_modules/react-dom/cjs/react-dom.development.js:26505:5)
      at renderRootSync (node_modules/react-dom/cjs/react-dom.development.js:26473:7)
      at performConcurrentWorkOnRoot (node_modules/react-dom/cjs/react-dom.development.js:25777:74)
      at flushActQueue (node_modules/react/cjs/react.development.js:2667:24)
      at act (node_modules/react/cjs/react.development.js:2582:11)
      at node_modules/@testing-library/react/dist/act-compat.js:47:25
      at renderRoot (node_modules/@testing-library/react/dist/pure.js:190:26)
      at render (node_modules/@testing-library/react/dist/pure.js:292:10)
      at Object.<anonymous> (src/__tests__/ui-layout.integration.test.tsx:54:11)

    console.error
      Error: Uncaught [TypeError: unsubscribe is not a function]
          at reportException (/Users/mylessjs/Desktop/Collab-Canvas/collabcanvas/node_modules/jsdom/lib/jsdom/living/helpers/runtime-script-errors.js:66:24)
          at innerInvokeEventListeners (/Users/mylessjs/Desktop/Collab-Canvas/collabcanvas/node_modules/jsdom/lib/jsdom/living/events/EventTarget-impl.js:341:9)
          at invokeEventListeners (/Users/mylessjs/Desktop/Collab-Canvas/collabcanvas/node_modules/jsdom/lib/jsdom/living/events/EventTarget-impl.js:274:3)
          at HTMLUnknownElementImpl._dispatch (/Users/mylessjs/Desktop/Collab-Canvas/collabcanvas/node_modules/jsdom/lib/jsdom/living/events/EventTarget-impl.js:221:9)
          at HTMLUnknownElementImpl.dispatchEvent (/Users/mylessjs/Desktop/Collab-Canvas/collabcanvas/node_modules/jsdom/lib/jsdom/living/events/EventTarget-impl.js:94:17)
          at HTMLUnknownElement.dispatchEvent (/Users/mylessjs/Desktop/Collab-Canvas/collabcanvas/node_modules/jsdom/lib/jsdom/living/generated/EventTarget.js:231:34)
          at Object.invokeGuardedCallbackDev (/Users/mylessjs/Desktop/Collab-Canvas/collabcanvas/node_modules/react-dom/cjs/react-dom.development.js:4213:16)
          at invokeGuardedCallback (/Users/mylessjs/Desktop/Collab-Canvas/collabcanvas/node_modules/react-dom/cjs/react-dom.development.js:4277:31)
          at reportUncaughtErrorInDEV (/Users/mylessjs/Desktop/Collab-Canvas/collabcanvas/node_modules/react-dom/cjs/react-dom.development.js:22877:5)
          at captureCommitPhaseError (/Users/mylessjs/Desktop/Collab-Canvas/collabcanvas/node_modules/react-dom/cjs/react-dom.development.js:27165:5)
          at safelyCallDestroy (/Users/mylessjs/Desktop/Collab-Canvas/collabcanvas/node_modules/react-dom/cjs/react-dom.development.js:22973:5)
          at commitHookEffectListUnmount (/Users/mylessjs/Desktop/Collab-Canvas/collabcanvas/node_modules/react-dom/cjs/react-dom.development.js:23139:11)
          at commitPassiveUnmountInsideDeletedTreeOnFiber (/Users/mylessjs/Desktop/Collab-Canvas/collabcanvas/node_modules/react-dom/cjs/react-dom.development.js:25140:11)
          at commitPassiveUnmountEffectsInsideOfDeletedTree_begin (/Users/mylessjs/Desktop/Collab-Canvas/collabcanvas/node_modules/react-dom/cjs/react-dom.development.js:25087:5)
          at commitPassiveUnmountEffects_begin (/Users/mylessjs/Desktop/Collab-Canvas/collabcanvas/node_modules/react-dom/cjs/react-dom.development.js:24995:11)
          at commitPassiveUnmountEffects (/Users/mylessjs/Desktop/Collab-Canvas/collabcanvas/node_modules/react-dom/cjs/react-dom.development.js:24980:3)
          at flushPassiveEffectsImpl (/Users/mylessjs/Desktop/Collab-Canvas/collabcanvas/node_modules/react-dom/cjs/react-dom.development.js:27077:3)
          at flushPassiveEffects (/Users/mylessjs/Desktop/Collab-Canvas/collabcanvas/node_modules/react-dom/cjs/react-dom.development.js:27023:14)
          at commitRootImpl (/Users/mylessjs/Desktop/Collab-Canvas/collabcanvas/node_modules/react-dom/cjs/react-dom.development.js:26974:5)
          at commitRoot (/Users/mylessjs/Desktop/Collab-Canvas/collabcanvas/node_modules/react-dom/cjs/react-dom.development.js:26721:5)
          at performSyncWorkOnRoot (/Users/mylessjs/Desktop/Collab-Canvas/collabcanvas/node_modules/react-dom/cjs/react-dom.development.js:26156:3)
          at flushSyncCallbacks (/Users/mylessjs/Desktop/Collab-Canvas/collabcanvas/node_modules/react-dom/cjs/react-dom.development.js:12042:22)
          at flushSync (/Users/mylessjs/Desktop/Collab-Canvas/collabcanvas/node_modules/react-dom/cjs/react-dom.development.js:26240:7)
          at ReactDOMRoot.Object.<anonymous>.ReactDOMHydrationRoot.unmount.ReactDOMRoot.unmount [as unmount] (/Users/mylessjs/Desktop/Collab-Canvas/collabcanvas/node_modules/react-dom/cjs/react-dom.development.js:29375:5)
          at Object.unmount (/Users/mylessjs/Desktop/Collab-Canvas/collabcanvas/node_modules/@testing-library/react/dist/pure.js:164:12)
          at /Users/mylessjs/Desktop/Collab-Canvas/collabcanvas/node_modules/@testing-library/react/dist/pure.js:308:12
          at /Users/mylessjs/Desktop/Collab-Canvas/collabcanvas/node_modules/@testing-library/react/dist/act-compat.js:48:24
          at act (/Users/mylessjs/Desktop/Collab-Canvas/collabcanvas/node_modules/react/cjs/react.development.js:2512:16)
          at /Users/mylessjs/Desktop/Collab-Canvas/collabcanvas/node_modules/@testing-library/react/dist/act-compat.js:47:25
          at /Users/mylessjs/Desktop/Collab-Canvas/collabcanvas/node_modules/@testing-library/react/dist/pure.js:307:28
          at Array.forEach (<anonymous>)
          at cleanup (/Users/mylessjs/Desktop/Collab-Canvas/collabcanvas/node_modules/@testing-library/react/dist/pure.js:303:22)
          at Object.<anonymous> (/Users/mylessjs/Desktop/Collab-Canvas/collabcanvas/node_modules/@testing-library/react/dist/index.js:28:25)
          at Promise.then.completed (/Users/mylessjs/Desktop/Collab-Canvas/collabcanvas/node_modules/jest-circus/build/utils.js:391:28)
          at new Promise (<anonymous>)
          at callAsyncCircusFn (/Users/mylessjs/Desktop/Collab-Canvas/collabcanvas/node_modules/jest-circus/build/utils.js:316:10)
          at _callCircusHook (/Users/mylessjs/Desktop/Collab-Canvas/collabcanvas/node_modules/jest-circus/build/run.js:181:40)
          at _runTest (/Users/mylessjs/Desktop/Collab-Canvas/collabcanvas/node_modules/jest-circus/build/run.js:158:5)
          at _runTestsForDescribeBlock (/Users/mylessjs/Desktop/Collab-Canvas/collabcanvas/node_modules/jest-circus/build/run.js:66:9)
          at _runTestsForDescribeBlock (/Users/mylessjs/Desktop/Collab-Canvas/collabcanvas/node_modules/jest-circus/build/run.js:60:9)
          at run (/Users/mylessjs/Desktop/Collab-Canvas/collabcanvas/node_modules/jest-circus/build/run.js:25:3)
          at runAndTransformResultsToJestFormat (/Users/mylessjs/Desktop/Collab-Canvas/collabcanvas/node_modules/jest-circus/build/legacy-code-todo-rewrite/jestAdapterInit.js:170:21)
          at jestAdapter (/Users/mylessjs/Desktop/Collab-Canvas/collabcanvas/node_modules/jest-circus/build/legacy-code-todo-rewrite/jestAdapter.js:82:19)
          at runTestInternal (/Users/mylessjs/Desktop/Collab-Canvas/collabcanvas/node_modules/jest-runner/build/runTest.js:389:16)
          at runTest (/Users/mylessjs/Desktop/Collab-Canvas/collabcanvas/node_modules/jest-runner/build/runTest.js:475:34)
          at Object.worker (/Users/mylessjs/Desktop/Collab-Canvas/collabcanvas/node_modules/jest-runner/build/testWorker.js:133:12) TypeError: unsubscribe is not a function
          at /Users/mylessjs/Desktop/Collab-Canvas/collabcanvas/src/context/AuthContext.tsx:48:18
          at safelyCallDestroy (/Users/mylessjs/Desktop/Collab-Canvas/collabcanvas/node_modules/react-dom/cjs/react-dom.development.js:22971:5)
          at commitHookEffectListUnmount (/Users/mylessjs/Desktop/Collab-Canvas/collabcanvas/node_modules/react-dom/cjs/react-dom.development.js:23139:11)
          at commitPassiveUnmountInsideDeletedTreeOnFiber (/Users/mylessjs/Desktop/Collab-Canvas/collabcanvas/node_modules/react-dom/cjs/react-dom.development.js:25140:11)
          at commitPassiveUnmountEffectsInsideOfDeletedTree_begin (/Users/mylessjs/Desktop/Collab-Canvas/collabcanvas/node_modules/react-dom/cjs/react-dom.development.js:25087:5)
          at commitPassiveUnmountEffects_begin (/Users/mylessjs/Desktop/Collab-Canvas/collabcanvas/node_modules/react-dom/cjs/react-dom.development.js:24995:11)
          at commitPassiveUnmountEffects (/Users/mylessjs/Desktop/Collab-Canvas/collabcanvas/node_modules/react-dom/cjs/react-dom.development.js:24980:3)
          at flushPassiveEffectsImpl (/Users/mylessjs/Desktop/Collab-Canvas/collabcanvas/node_modules/react-dom/cjs/react-dom.development.js:27077:3)
          at flushPassiveEffects (/Users/mylessjs/Desktop/Collab-Canvas/collabcanvas/node_modules/react-dom/cjs/react-dom.development.js:27023:14)
          at commitRootImpl (/Users/mylessjs/Desktop/Collab-Canvas/collabcanvas/node_modules/react-dom/cjs/react-dom.development.js:26974:5)
          at commitRoot (/Users/mylessjs/Desktop/Collab-Canvas/collabcanvas/node_modules/react-dom/cjs/react-dom.development.js:26721:5)
          at performSyncWorkOnRoot (/Users/mylessjs/Desktop/Collab-Canvas/collabcanvas/node_modules/react-dom/cjs/react-dom.development.js:26156:3)
          at flushSyncCallbacks (/Users/mylessjs/Desktop/Collab-Canvas/collabcanvas/node_modules/react-dom/cjs/react-dom.development.js:12042:22)
          at flushSync (/Users/mylessjs/Desktop/Collab-Canvas/collabcanvas/node_modules/react-dom/cjs/react-dom.development.js:26240:7)
          at ReactDOMRoot.Object.<anonymous>.ReactDOMHydrationRoot.unmount.ReactDOMRoot.unmount [as unmount] (/Users/mylessjs/Desktop/Collab-Canvas/collabcanvas/node_modules/react-dom/cjs/react-dom.development.js:29375:5)
          at Object.unmount (/Users/mylessjs/Desktop/Collab-Canvas/collabcanvas/node_modules/@testing-library/react/dist/pure.js:164:12)
          at /Users/mylessjs/Desktop/Collab-Canvas/collabcanvas/node_modules/@testing-library/react/dist/pure.js:308:12
          at /Users/mylessjs/Desktop/Collab-Canvas/collabcanvas/node_modules/@testing-library/react/dist/act-compat.js:48:24
          at act (/Users/mylessjs/Desktop/Collab-Canvas/collabcanvas/node_modules/react/cjs/react.development.js:2512:16)
          at /Users/mylessjs/Desktop/Collab-Canvas/collabcanvas/node_modules/@testing-library/react/dist/act-compat.js:47:25
          at /Users/mylessjs/Desktop/Collab-Canvas/collabcanvas/node_modules/@testing-library/react/dist/pure.js:307:28
          at Array.forEach (<anonymous>)
          at cleanup (/Users/mylessjs/Desktop/Collab-Canvas/collabcanvas/node_modules/@testing-library/react/dist/pure.js:303:22)
          at Object.<anonymous> (/Users/mylessjs/Desktop/Collab-Canvas/collabcanvas/node_modules/@testing-library/react/dist/index.js:28:25)
          at Promise.then.completed (/Users/mylessjs/Desktop/Collab-Canvas/collabcanvas/node_modules/jest-circus/build/utils.js:391:28)
          at new Promise (<anonymous>)
          at callAsyncCircusFn (/Users/mylessjs/Desktop/Collab-Canvas/collabcanvas/node_modules/jest-circus/build/utils.js:316:10)
          at _callCircusHook (/Users/mylessjs/Desktop/Collab-Canvas/collabcanvas/node_modules/jest-circus/build/run.js:181:40)
          at _runTest (/Users/mylessjs/Desktop/Collab-Canvas/collabcanvas/node_modules/jest-circus/build/run.js:158:5)
          at _runTestsForDescribeBlock (/Users/mylessjs/Desktop/Collab-Canvas/collabcanvas/node_modules/jest-circus/build/run.js:66:9)
          at _runTestsForDescribeBlock (/Users/mylessjs/Desktop/Collab-Canvas/collabcanvas/node_modules/jest-circus/build/run.js:60:9)
          at run (/Users/mylessjs/Desktop/Collab-Canvas/collabcanvas/node_modules/jest-circus/build/run.js:25:3)
          at runAndTransformResultsToJestFormat (/Users/mylessjs/Desktop/Collab-Canvas/collabcanvas/node_modules/jest-circus/build/legacy-code-todo-rewrite/jestAdapterInit.js:170:21)
          at jestAdapter (/Users/mylessjs/Desktop/Collab-Canvas/collabcanvas/node_modules/jest-circus/build/legacy-code-todo-rewrite/jestAdapter.js:82:19)
          at runTestInternal (/Users/mylessjs/Desktop/Collab-Canvas/collabcanvas/node_modules/jest-runner/build/runTest.js:389:16)
          at runTest (/Users/mylessjs/Desktop/Collab-Canvas/collabcanvas/node_modules/jest-runner/build/runTest.js:475:34)
          at Object.worker (/Users/mylessjs/Desktop/Collab-Canvas/collabcanvas/node_modules/jest-runner/build/testWorker.js:133:12)

      at VirtualConsole.<anonymous> (node_modules/jsdom/lib/jsdom/virtual-console.js:29:45)
      at reportException (node_modules/jsdom/lib/jsdom/living/helpers/runtime-script-errors.js:70:28)
      at innerInvokeEventListeners (node_modules/jsdom/lib/jsdom/living/events/EventTarget-impl.js:341:9)
      at invokeEventListeners (node_modules/jsdom/lib/jsdom/living/events/EventTarget-impl.js:274:3)
      at HTMLUnknownElementImpl._dispatch (node_modules/jsdom/lib/jsdom/living/events/EventTarget-impl.js:221:9)
      at HTMLUnknownElementImpl.dispatchEvent (node_modules/jsdom/lib/jsdom/living/events/EventTarget-impl.js:94:17)
      at HTMLUnknownElement.dispatchEvent (node_modules/jsdom/lib/jsdom/living/generated/EventTarget.js:231:34)
      at Object.invokeGuardedCallbackDev (node_modules/react-dom/cjs/react-dom.development.js:4213:16)
      at invokeGuardedCallback (node_modules/react-dom/cjs/react-dom.development.js:4277:31)
      at reportUncaughtErrorInDEV (node_modules/react-dom/cjs/react-dom.development.js:22877:5)
      at captureCommitPhaseError (node_modules/react-dom/cjs/react-dom.development.js:27165:5)
      at safelyCallDestroy (node_modules/react-dom/cjs/react-dom.development.js:22973:5)
      at commitHookEffectListUnmount (node_modules/react-dom/cjs/react-dom.development.js:23139:11)
      at commitPassiveUnmountInsideDeletedTreeOnFiber (node_modules/react-dom/cjs/react-dom.development.js:25140:11)
      at commitPassiveUnmountEffectsInsideOfDeletedTree_begin (node_modules/react-dom/cjs/react-dom.development.js:25087:5)
      at commitPassiveUnmountEffects_begin (node_modules/react-dom/cjs/react-dom.development.js:24995:11)
      at commitPassiveUnmountEffects (node_modules/react-dom/cjs/react-dom.development.js:24980:3)
      at flushPassiveEffectsImpl (node_modules/react-dom/cjs/react-dom.development.js:27077:3)
      at flushPassiveEffects (node_modules/react-dom/cjs/react-dom.development.js:27023:14)
      at commitRootImpl (node_modules/react-dom/cjs/react-dom.development.js:26974:5)
      at commitRoot (node_modules/react-dom/cjs/react-dom.development.js:26721:5)
      at performSyncWorkOnRoot (node_modules/react-dom/cjs/react-dom.development.js:26156:3)
      at flushSyncCallbacks (node_modules/react-dom/cjs/react-dom.development.js:12042:22)
      at flushSync (node_modules/react-dom/cjs/react-dom.development.js:26240:7)
      at ReactDOMRoot.Object.<anonymous>.ReactDOMHydrationRoot.unmount.ReactDOMRoot.unmount [as unmount] (node_modules/react-dom/cjs/react-dom.development.js:29375:5)
      at Object.unmount (node_modules/@testing-library/react/dist/pure.js:164:12)
      at node_modules/@testing-library/react/dist/pure.js:308:12
      at node_modules/@testing-library/react/dist/act-compat.js:48:24
      at act (node_modules/react/cjs/react.development.js:2512:16)
      at node_modules/@testing-library/react/dist/act-compat.js:47:25
      at node_modules/@testing-library/react/dist/pure.js:307:28
          at Array.forEach (<anonymous>)
      at cleanup (node_modules/@testing-library/react/dist/pure.js:303:22)
      at Object.<anonymous> (node_modules/@testing-library/react/dist/index.js:28:25)

    console.error
      The above error occurred in the <AuthProvider> component:
      
          at AuthProvider (/Users/mylessjs/Desktop/Collab-Canvas/collabcanvas/src/context/AuthContext.tsx:24:61)
      
      Consider adding an error boundary to your tree to customize error handling behavior.
      Visit https://reactjs.org/link/error-boundaries to learn more about error boundaries.

      at logCapturedError (node_modules/react-dom/cjs/react-dom.development.js:18704:23)
      at update.callback (node_modules/react-dom/cjs/react-dom.development.js:18737:5)
      at callCallback (node_modules/react-dom/cjs/react-dom.development.js:15036:12)
      at commitUpdateQueue (node_modules/react-dom/cjs/react-dom.development.js:15057:9)
      at commitLayoutEffectOnFiber (node_modules/react-dom/cjs/react-dom.development.js:23430:13)
      at commitLayoutMountEffects_complete (node_modules/react-dom/cjs/react-dom.development.js:24727:9)
      at commitLayoutEffects_begin (node_modules/react-dom/cjs/react-dom.development.js:24713:7)
      at commitLayoutEffects (node_modules/react-dom/cjs/react-dom.development.js:24651:3)
      at commitRootImpl (node_modules/react-dom/cjs/react-dom.development.js:26862:5)
      at commitRoot (node_modules/react-dom/cjs/react-dom.development.js:26721:5)
      at performSyncWorkOnRoot (node_modules/react-dom/cjs/react-dom.development.js:26156:3)
      at flushSyncCallbacks (node_modules/react-dom/cjs/react-dom.development.js:12042:22)
      at flushSync (node_modules/react-dom/cjs/react-dom.development.js:26240:7)
      at ReactDOMRoot.Object.<anonymous>.ReactDOMHydrationRoot.unmount.ReactDOMRoot.unmount [as unmount] (node_modules/react-dom/cjs/react-dom.development.js:29375:5)
      at Object.unmount (node_modules/@testing-library/react/dist/pure.js:164:12)
      at node_modules/@testing-library/react/dist/pure.js:308:12
      at node_modules/@testing-library/react/dist/act-compat.js:48:24
      at act (node_modules/react/cjs/react.development.js:2512:16)
      at node_modules/@testing-library/react/dist/act-compat.js:47:25
      at node_modules/@testing-library/react/dist/pure.js:307:28
          at Array.forEach (<anonymous>)
      at cleanup (node_modules/@testing-library/react/dist/pure.js:303:22)
      at Object.<anonymous> (node_modules/@testing-library/react/dist/index.js:28:25)

    console.error
      Error: Uncaught [TypeError: unsubscribe is not a function]
          at reportException (/Users/mylessjs/Desktop/Collab-Canvas/collabcanvas/node_modules/jsdom/lib/jsdom/living/helpers/runtime-script-errors.js:66:24)
          at innerInvokeEventListeners (/Users/mylessjs/Desktop/Collab-Canvas/collabcanvas/node_modules/jsdom/lib/jsdom/living/events/EventTarget-impl.js:341:9)
          at invokeEventListeners (/Users/mylessjs/Desktop/Collab-Canvas/collabcanvas/node_modules/jsdom/lib/jsdom/living/events/EventTarget-impl.js:274:3)
          at HTMLUnknownElementImpl._dispatch (/Users/mylessjs/Desktop/Collab-Canvas/collabcanvas/node_modules/jsdom/lib/jsdom/living/events/EventTarget-impl.js:221:9)
          at HTMLUnknownElementImpl.dispatchEvent (/Users/mylessjs/Desktop/Collab-Canvas/collabcanvas/node_modules/jsdom/lib/jsdom/living/events/EventTarget-impl.js:94:17)
          at HTMLUnknownElement.dispatchEvent (/Users/mylessjs/Desktop/Collab-Canvas/collabcanvas/node_modules/jsdom/lib/jsdom/living/generated/EventTarget.js:231:34)
          at Object.invokeGuardedCallbackDev (/Users/mylessjs/Desktop/Collab-Canvas/collabcanvas/node_modules/react-dom/cjs/react-dom.development.js:4213:16)
          at invokeGuardedCallback (/Users/mylessjs/Desktop/Collab-Canvas/collabcanvas/node_modules/react-dom/cjs/react-dom.development.js:4277:31)
          at reportUncaughtErrorInDEV (/Users/mylessjs/Desktop/Collab-Canvas/collabcanvas/node_modules/react-dom/cjs/react-dom.development.js:22877:5)
          at captureCommitPhaseError (/Users/mylessjs/Desktop/Collab-Canvas/collabcanvas/node_modules/react-dom/cjs/react-dom.development.js:27165:5)
          at safelyCallDestroy (/Users/mylessjs/Desktop/Collab-Canvas/collabcanvas/node_modules/react-dom/cjs/react-dom.development.js:22973:5)
          at commitHookEffectListUnmount (/Users/mylessjs/Desktop/Collab-Canvas/collabcanvas/node_modules/react-dom/cjs/react-dom.development.js:23139:11)
          at commitPassiveUnmountInsideDeletedTreeOnFiber (/Users/mylessjs/Desktop/Collab-Canvas/collabcanvas/node_modules/react-dom/cjs/react-dom.development.js:25140:11)
          at commitPassiveUnmountEffectsInsideOfDeletedTree_begin (/Users/mylessjs/Desktop/Collab-Canvas/collabcanvas/node_modules/react-dom/cjs/react-dom.development.js:25087:5)
          at commitPassiveUnmountEffects_begin (/Users/mylessjs/Desktop/Collab-Canvas/collabcanvas/node_modules/react-dom/cjs/react-dom.development.js:24995:11)
          at commitPassiveUnmountEffects (/Users/mylessjs/Desktop/Collab-Canvas/collabcanvas/node_modules/react-dom/cjs/react-dom.development.js:24980:3)
          at flushPassiveEffectsImpl (/Users/mylessjs/Desktop/Collab-Canvas/collabcanvas/node_modules/react-dom/cjs/react-dom.development.js:27077:3)
          at flushPassiveEffects (/Users/mylessjs/Desktop/Collab-Canvas/collabcanvas/node_modules/react-dom/cjs/react-dom.development.js:27023:14)
          at commitRootImpl (/Users/mylessjs/Desktop/Collab-Canvas/collabcanvas/node_modules/react-dom/cjs/react-dom.development.js:26974:5)
          at commitRoot (/Users/mylessjs/Desktop/Collab-Canvas/collabcanvas/node_modules/react-dom/cjs/react-dom.development.js:26721:5)
          at performSyncWorkOnRoot (/Users/mylessjs/Desktop/Collab-Canvas/collabcanvas/node_modules/react-dom/cjs/react-dom.development.js:26156:3)
          at flushSyncCallbacks (/Users/mylessjs/Desktop/Collab-Canvas/collabcanvas/node_modules/react-dom/cjs/react-dom.development.js:12042:22)
          at flushSync (/Users/mylessjs/Desktop/Collab-Canvas/collabcanvas/node_modules/react-dom/cjs/react-dom.development.js:26240:7)
          at ReactDOMRoot.Object.<anonymous>.ReactDOMHydrationRoot.unmount.ReactDOMRoot.unmount [as unmount] (/Users/mylessjs/Desktop/Collab-Canvas/collabcanvas/node_modules/react-dom/cjs/react-dom.development.js:29375:5)
          at Object.unmount (/Users/mylessjs/Desktop/Collab-Canvas/collabcanvas/node_modules/@testing-library/react/dist/pure.js:164:12)
          at /Users/mylessjs/Desktop/Collab-Canvas/collabcanvas/node_modules/@testing-library/react/dist/pure.js:308:12
          at /Users/mylessjs/Desktop/Collab-Canvas/collabcanvas/node_modules/@testing-library/react/dist/act-compat.js:48:24
          at act (/Users/mylessjs/Desktop/Collab-Canvas/collabcanvas/node_modules/react/cjs/react.development.js:2512:16)
          at /Users/mylessjs/Desktop/Collab-Canvas/collabcanvas/node_modules/@testing-library/react/dist/act-compat.js:47:25
          at /Users/mylessjs/Desktop/Collab-Canvas/collabcanvas/node_modules/@testing-library/react/dist/pure.js:307:28
          at Array.forEach (<anonymous>)
          at cleanup (/Users/mylessjs/Desktop/Collab-Canvas/collabcanvas/node_modules/@testing-library/react/dist/pure.js:303:22)
          at Object.<anonymous> (/Users/mylessjs/Desktop/Collab-Canvas/collabcanvas/node_modules/@testing-library/react/dist/index.js:28:25)
          at Promise.then.completed (/Users/mylessjs/Desktop/Collab-Canvas/collabcanvas/node_modules/jest-circus/build/utils.js:391:28)
          at new Promise (<anonymous>)
          at callAsyncCircusFn (/Users/mylessjs/Desktop/Collab-Canvas/collabcanvas/node_modules/jest-circus/build/utils.js:316:10)
          at _callCircusHook (/Users/mylessjs/Desktop/Collab-Canvas/collabcanvas/node_modules/jest-circus/build/run.js:181:40)
          at _runTest (/Users/mylessjs/Desktop/Collab-Canvas/collabcanvas/node_modules/jest-circus/build/run.js:158:5)
          at _runTestsForDescribeBlock (/Users/mylessjs/Desktop/Collab-Canvas/collabcanvas/node_modules/jest-circus/build/run.js:66:9)
          at _runTestsForDescribeBlock (/Users/mylessjs/Desktop/Collab-Canvas/collabcanvas/node_modules/jest-circus/build/run.js:60:9)
          at run (/Users/mylessjs/Desktop/Collab-Canvas/collabcanvas/node_modules/jest-circus/build/run.js:25:3)
          at runAndTransformResultsToJestFormat (/Users/mylessjs/Desktop/Collab-Canvas/collabcanvas/node_modules/jest-circus/build/legacy-code-todo-rewrite/jestAdapterInit.js:170:21)
          at jestAdapter (/Users/mylessjs/Desktop/Collab-Canvas/collabcanvas/node_modules/jest-circus/build/legacy-code-todo-rewrite/jestAdapter.js:82:19)
          at runTestInternal (/Users/mylessjs/Desktop/Collab-Canvas/collabcanvas/node_modules/jest-runner/build/runTest.js:389:16)
          at runTest (/Users/mylessjs/Desktop/Collab-Canvas/collabcanvas/node_modules/jest-runner/build/runTest.js:475:34)
          at Object.worker (/Users/mylessjs/Desktop/Collab-Canvas/collabcanvas/node_modules/jest-runner/build/testWorker.js:133:12) TypeError: unsubscribe is not a function
          at /Users/mylessjs/Desktop/Collab-Canvas/collabcanvas/src/context/AuthContext.tsx:48:18
          at safelyCallDestroy (/Users/mylessjs/Desktop/Collab-Canvas/collabcanvas/node_modules/react-dom/cjs/react-dom.development.js:22971:5)
          at commitHookEffectListUnmount (/Users/mylessjs/Desktop/Collab-Canvas/collabcanvas/node_modules/react-dom/cjs/react-dom.development.js:23139:11)
          at commitPassiveUnmountInsideDeletedTreeOnFiber (/Users/mylessjs/Desktop/Collab-Canvas/collabcanvas/node_modules/react-dom/cjs/react-dom.development.js:25140:11)
          at commitPassiveUnmountEffectsInsideOfDeletedTree_begin (/Users/mylessjs/Desktop/Collab-Canvas/collabcanvas/node_modules/react-dom/cjs/react-dom.development.js:25087:5)
          at commitPassiveUnmountEffects_begin (/Users/mylessjs/Desktop/Collab-Canvas/collabcanvas/node_modules/react-dom/cjs/react-dom.development.js:24995:11)
          at commitPassiveUnmountEffects (/Users/mylessjs/Desktop/Collab-Canvas/collabcanvas/node_modules/react-dom/cjs/react-dom.development.js:24980:3)
          at flushPassiveEffectsImpl (/Users/mylessjs/Desktop/Collab-Canvas/collabcanvas/node_modules/react-dom/cjs/react-dom.development.js:27077:3)
          at flushPassiveEffects (/Users/mylessjs/Desktop/Collab-Canvas/collabcanvas/node_modules/react-dom/cjs/react-dom.development.js:27023:14)
          at commitRootImpl (/Users/mylessjs/Desktop/Collab-Canvas/collabcanvas/node_modules/react-dom/cjs/react-dom.development.js:26974:5)
          at commitRoot (/Users/mylessjs/Desktop/Collab-Canvas/collabcanvas/node_modules/react-dom/cjs/react-dom.development.js:26721:5)
          at performSyncWorkOnRoot (/Users/mylessjs/Desktop/Collab-Canvas/collabcanvas/node_modules/react-dom/cjs/react-dom.development.js:26156:3)
          at flushSyncCallbacks (/Users/mylessjs/Desktop/Collab-Canvas/collabcanvas/node_modules/react-dom/cjs/react-dom.development.js:12042:22)
          at flushSync (/Users/mylessjs/Desktop/Collab-Canvas/collabcanvas/node_modules/react-dom/cjs/react-dom.development.js:26240:7)
          at ReactDOMRoot.Object.<anonymous>.ReactDOMHydrationRoot.unmount.ReactDOMRoot.unmount [as unmount] (/Users/mylessjs/Desktop/Collab-Canvas/collabcanvas/node_modules/react-dom/cjs/react-dom.development.js:29375:5)
          at Object.unmount (/Users/mylessjs/Desktop/Collab-Canvas/collabcanvas/node_modules/@testing-library/react/dist/pure.js:164:12)
          at /Users/mylessjs/Desktop/Collab-Canvas/collabcanvas/node_modules/@testing-library/react/dist/pure.js:308:12
          at /Users/mylessjs/Desktop/Collab-Canvas/collabcanvas/node_modules/@testing-library/react/dist/act-compat.js:48:24
          at act (/Users/mylessjs/Desktop/Collab-Canvas/collabcanvas/node_modules/react/cjs/react.development.js:2512:16)
          at /Users/mylessjs/Desktop/Collab-Canvas/collabcanvas/node_modules/@testing-library/react/dist/act-compat.js:47:25
          at /Users/mylessjs/Desktop/Collab-Canvas/collabcanvas/node_modules/@testing-library/react/dist/pure.js:307:28
          at Array.forEach (<anonymous>)
          at cleanup (/Users/mylessjs/Desktop/Collab-Canvas/collabcanvas/node_modules/@testing-library/react/dist/pure.js:303:22)
          at Object.<anonymous> (/Users/mylessjs/Desktop/Collab-Canvas/collabcanvas/node_modules/@testing-library/react/dist/index.js:28:25)
          at Promise.then.completed (/Users/mylessjs/Desktop/Collab-Canvas/collabcanvas/node_modules/jest-circus/build/utils.js:391:28)
          at new Promise (<anonymous>)
          at callAsyncCircusFn (/Users/mylessjs/Desktop/Collab-Canvas/collabcanvas/node_modules/jest-circus/build/utils.js:316:10)
          at _callCircusHook (/Users/mylessjs/Desktop/Collab-Canvas/collabcanvas/node_modules/jest-circus/build/run.js:181:40)
          at _runTest (/Users/mylessjs/Desktop/Collab-Canvas/collabcanvas/node_modules/jest-circus/build/run.js:158:5)
          at _runTestsForDescribeBlock (/Users/mylessjs/Desktop/Collab-Canvas/collabcanvas/node_modules/jest-circus/build/run.js:66:9)
          at _runTestsForDescribeBlock (/Users/mylessjs/Desktop/Collab-Canvas/collabcanvas/node_modules/jest-circus/build/run.js:60:9)
          at run (/Users/mylessjs/Desktop/Collab-Canvas/collabcanvas/node_modules/jest-circus/build/run.js:25:3)
          at runAndTransformResultsToJestFormat (/Users/mylessjs/Desktop/Collab-Canvas/collabcanvas/node_modules/jest-circus/build/legacy-code-todo-rewrite/jestAdapterInit.js:170:21)
          at jestAdapter (/Users/mylessjs/Desktop/Collab-Canvas/collabcanvas/node_modules/jest-circus/build/legacy-code-todo-rewrite/jestAdapter.js:82:19)
          at runTestInternal (/Users/mylessjs/Desktop/Collab-Canvas/collabcanvas/node_modules/jest-runner/build/runTest.js:389:16)
          at runTest (/Users/mylessjs/Desktop/Collab-Canvas/collabcanvas/node_modules/jest-runner/build/runTest.js:475:34)
          at Object.worker (/Users/mylessjs/Desktop/Collab-Canvas/collabcanvas/node_modules/jest-runner/build/testWorker.js:133:12)

      at VirtualConsole.<anonymous> (node_modules/jsdom/lib/jsdom/virtual-console.js:29:45)
      at reportException (node_modules/jsdom/lib/jsdom/living/helpers/runtime-script-errors.js:70:28)
      at innerInvokeEventListeners (node_modules/jsdom/lib/jsdom/living/events/EventTarget-impl.js:341:9)
      at invokeEventListeners (node_modules/jsdom/lib/jsdom/living/events/EventTarget-impl.js:274:3)
      at HTMLUnknownElementImpl._dispatch (node_modules/jsdom/lib/jsdom/living/events/EventTarget-impl.js:221:9)
      at HTMLUnknownElementImpl.dispatchEvent (node_modules/jsdom/lib/jsdom/living/events/EventTarget-impl.js:94:17)
      at HTMLUnknownElement.dispatchEvent (node_modules/jsdom/lib/jsdom/living/generated/EventTarget.js:231:34)
      at Object.invokeGuardedCallbackDev (node_modules/react-dom/cjs/react-dom.development.js:4213:16)
      at invokeGuardedCallback (node_modules/react-dom/cjs/react-dom.development.js:4277:31)
      at reportUncaughtErrorInDEV (node_modules/react-dom/cjs/react-dom.development.js:22877:5)
      at captureCommitPhaseError (node_modules/react-dom/cjs/react-dom.development.js:27165:5)
      at safelyCallDestroy (node_modules/react-dom/cjs/react-dom.development.js:22973:5)
      at commitHookEffectListUnmount (node_modules/react-dom/cjs/react-dom.development.js:23139:11)
      at commitPassiveUnmountInsideDeletedTreeOnFiber (node_modules/react-dom/cjs/react-dom.development.js:25140:11)
      at commitPassiveUnmountEffectsInsideOfDeletedTree_begin (node_modules/react-dom/cjs/react-dom.development.js:25087:5)
      at commitPassiveUnmountEffects_begin (node_modules/react-dom/cjs/react-dom.development.js:24995:11)
      at commitPassiveUnmountEffects (node_modules/react-dom/cjs/react-dom.development.js:24980:3)
      at flushPassiveEffectsImpl (node_modules/react-dom/cjs/react-dom.development.js:27077:3)
      at flushPassiveEffects (node_modules/react-dom/cjs/react-dom.development.js:27023:14)
      at commitRootImpl (node_modules/react-dom/cjs/react-dom.development.js:26974:5)
      at commitRoot (node_modules/react-dom/cjs/react-dom.development.js:26721:5)
      at performSyncWorkOnRoot (node_modules/react-dom/cjs/react-dom.development.js:26156:3)
      at flushSyncCallbacks (node_modules/react-dom/cjs/react-dom.development.js:12042:22)
      at flushSync (node_modules/react-dom/cjs/react-dom.development.js:26240:7)
      at ReactDOMRoot.Object.<anonymous>.ReactDOMHydrationRoot.unmount.ReactDOMRoot.unmount [as unmount] (node_modules/react-dom/cjs/react-dom.development.js:29375:5)
      at Object.unmount (node_modules/@testing-library/react/dist/pure.js:164:12)
      at node_modules/@testing-library/react/dist/pure.js:308:12
      at node_modules/@testing-library/react/dist/act-compat.js:48:24
      at act (node_modules/react/cjs/react.development.js:2512:16)
      at node_modules/@testing-library/react/dist/act-compat.js:47:25
      at node_modules/@testing-library/react/dist/pure.js:307:28
          at Array.forEach (<anonymous>)
      at cleanup (node_modules/@testing-library/react/dist/pure.js:303:22)
      at Object.<anonymous> (node_modules/@testing-library/react/dist/index.js:28:25)

    console.error
      The above error occurred in the <AuthProvider> component:
      
          at AuthProvider (/Users/mylessjs/Desktop/Collab-Canvas/collabcanvas/src/context/AuthContext.tsx:24:61)
      
      Consider adding an error boundary to your tree to customize error handling behavior.
      Visit https://reactjs.org/link/error-boundaries to learn more about error boundaries.

      at logCapturedError (node_modules/react-dom/cjs/react-dom.development.js:18704:23)
      at update.callback (node_modules/react-dom/cjs/react-dom.development.js:18737:5)
      at callCallback (node_modules/react-dom/cjs/react-dom.development.js:15036:12)
      at commitUpdateQueue (node_modules/react-dom/cjs/react-dom.development.js:15057:9)
      at commitLayoutEffectOnFiber (node_modules/react-dom/cjs/react-dom.development.js:23430:13)
      at commitLayoutMountEffects_complete (node_modules/react-dom/cjs/react-dom.development.js:24727:9)
      at commitLayoutEffects_begin (node_modules/react-dom/cjs/react-dom.development.js:24713:7)
      at commitLayoutEffects (node_modules/react-dom/cjs/react-dom.development.js:24651:3)
      at commitRootImpl (node_modules/react-dom/cjs/react-dom.development.js:26862:5)
      at commitRoot (node_modules/react-dom/cjs/react-dom.development.js:26721:5)
      at performSyncWorkOnRoot (node_modules/react-dom/cjs/react-dom.development.js:26156:3)
      at flushSyncCallbacks (node_modules/react-dom/cjs/react-dom.development.js:12042:22)
      at flushSync (node_modules/react-dom/cjs/react-dom.development.js:26240:7)
      at ReactDOMRoot.Object.<anonymous>.ReactDOMHydrationRoot.unmount.ReactDOMRoot.unmount [as unmount] (node_modules/react-dom/cjs/react-dom.development.js:29375:5)
      at Object.unmount (node_modules/@testing-library/react/dist/pure.js:164:12)
      at node_modules/@testing-library/react/dist/pure.js:308:12
      at node_modules/@testing-library/react/dist/act-compat.js:48:24
      at act (node_modules/react/cjs/react.development.js:2512:16)
      at node_modules/@testing-library/react/dist/act-compat.js:47:25
      at node_modules/@testing-library/react/dist/pure.js:307:28
          at Array.forEach (<anonymous>)
      at cleanup (node_modules/@testing-library/react/dist/pure.js:303:22)
      at Object.<anonymous> (node_modules/@testing-library/react/dist/index.js:28:25)

    console.error
      Error: Uncaught [TypeError: unsubscribe is not a function]
          at reportException (/Users/mylessjs/Desktop/Collab-Canvas/collabcanvas/node_modules/jsdom/lib/jsdom/living/helpers/runtime-script-errors.js:66:24)
          at innerInvokeEventListeners (/Users/mylessjs/Desktop/Collab-Canvas/collabcanvas/node_modules/jsdom/lib/jsdom/living/events/EventTarget-impl.js:341:9)
          at invokeEventListeners (/Users/mylessjs/Desktop/Collab-Canvas/collabcanvas/node_modules/jsdom/lib/jsdom/living/events/EventTarget-impl.js:274:3)
          at HTMLUnknownElementImpl._dispatch (/Users/mylessjs/Desktop/Collab-Canvas/collabcanvas/node_modules/jsdom/lib/jsdom/living/events/EventTarget-impl.js:221:9)
          at HTMLUnknownElementImpl.dispatchEvent (/Users/mylessjs/Desktop/Collab-Canvas/collabcanvas/node_modules/jsdom/lib/jsdom/living/events/EventTarget-impl.js:94:17)
          at HTMLUnknownElement.dispatchEvent (/Users/mylessjs/Desktop/Collab-Canvas/collabcanvas/node_modules/jsdom/lib/jsdom/living/generated/EventTarget.js:231:34)
          at Object.invokeGuardedCallbackDev (/Users/mylessjs/Desktop/Collab-Canvas/collabcanvas/node_modules/react-dom/cjs/react-dom.development.js:4213:16)
          at invokeGuardedCallback (/Users/mylessjs/Desktop/Collab-Canvas/collabcanvas/node_modules/react-dom/cjs/react-dom.development.js:4277:31)
          at reportUncaughtErrorInDEV (/Users/mylessjs/Desktop/Collab-Canvas/collabcanvas/node_modules/react-dom/cjs/react-dom.development.js:22877:5)
          at captureCommitPhaseError (/Users/mylessjs/Desktop/Collab-Canvas/collabcanvas/node_modules/react-dom/cjs/react-dom.development.js:27165:5)
          at safelyCallDestroy (/Users/mylessjs/Desktop/Collab-Canvas/collabcanvas/node_modules/react-dom/cjs/react-dom.development.js:22973:5)
          at commitHookEffectListUnmount (/Users/mylessjs/Desktop/Collab-Canvas/collabcanvas/node_modules/react-dom/cjs/react-dom.development.js:23139:11)
          at commitPassiveUnmountInsideDeletedTreeOnFiber (/Users/mylessjs/Desktop/Collab-Canvas/collabcanvas/node_modules/react-dom/cjs/react-dom.development.js:25140:11)
          at commitPassiveUnmountEffectsInsideOfDeletedTree_begin (/Users/mylessjs/Desktop/Collab-Canvas/collabcanvas/node_modules/react-dom/cjs/react-dom.development.js:25087:5)
          at commitPassiveUnmountEffects_begin (/Users/mylessjs/Desktop/Collab-Canvas/collabcanvas/node_modules/react-dom/cjs/react-dom.development.js:24995:11)
          at commitPassiveUnmountEffects (/Users/mylessjs/Desktop/Collab-Canvas/collabcanvas/node_modules/react-dom/cjs/react-dom.development.js:24980:3)
          at flushPassiveEffectsImpl (/Users/mylessjs/Desktop/Collab-Canvas/collabcanvas/node_modules/react-dom/cjs/react-dom.development.js:27077:3)
          at flushPassiveEffects (/Users/mylessjs/Desktop/Collab-Canvas/collabcanvas/node_modules/react-dom/cjs/react-dom.development.js:27023:14)
          at commitRootImpl (/Users/mylessjs/Desktop/Collab-Canvas/collabcanvas/node_modules/react-dom/cjs/react-dom.development.js:26974:5)
          at commitRoot (/Users/mylessjs/Desktop/Collab-Canvas/collabcanvas/node_modules/react-dom/cjs/react-dom.development.js:26721:5)
          at performSyncWorkOnRoot (/Users/mylessjs/Desktop/Collab-Canvas/collabcanvas/node_modules/react-dom/cjs/react-dom.development.js:26156:3)
          at flushSyncCallbacks (/Users/mylessjs/Desktop/Collab-Canvas/collabcanvas/node_modules/react-dom/cjs/react-dom.development.js:12042:22)
          at flushSync (/Users/mylessjs/Desktop/Collab-Canvas/collabcanvas/node_modules/react-dom/cjs/react-dom.development.js:26240:7)
          at ReactDOMRoot.Object.<anonymous>.ReactDOMHydrationRoot.unmount.ReactDOMRoot.unmount [as unmount] (/Users/mylessjs/Desktop/Collab-Canvas/collabcanvas/node_modules/react-dom/cjs/react-dom.development.js:29375:5)
          at Object.unmount (/Users/mylessjs/Desktop/Collab-Canvas/collabcanvas/node_modules/@testing-library/react/dist/pure.js:164:12)
          at /Users/mylessjs/Desktop/Collab-Canvas/collabcanvas/node_modules/@testing-library/react/dist/pure.js:308:12
          at /Users/mylessjs/Desktop/Collab-Canvas/collabcanvas/node_modules/@testing-library/react/dist/act-compat.js:48:24
          at act (/Users/mylessjs/Desktop/Collab-Canvas/collabcanvas/node_modules/react/cjs/react.development.js:2512:16)
          at /Users/mylessjs/Desktop/Collab-Canvas/collabcanvas/node_modules/@testing-library/react/dist/act-compat.js:47:25
          at /Users/mylessjs/Desktop/Collab-Canvas/collabcanvas/node_modules/@testing-library/react/dist/pure.js:307:28
          at Array.forEach (<anonymous>)
          at cleanup (/Users/mylessjs/Desktop/Collab-Canvas/collabcanvas/node_modules/@testing-library/react/dist/pure.js:303:22)
          at Object.<anonymous> (/Users/mylessjs/Desktop/Collab-Canvas/collabcanvas/node_modules/@testing-library/react/dist/index.js:28:25)
          at Promise.then.completed (/Users/mylessjs/Desktop/Collab-Canvas/collabcanvas/node_modules/jest-circus/build/utils.js:391:28)
          at new Promise (<anonymous>)
          at callAsyncCircusFn (/Users/mylessjs/Desktop/Collab-Canvas/collabcanvas/node_modules/jest-circus/build/utils.js:316:10)
          at _callCircusHook (/Users/mylessjs/Desktop/Collab-Canvas/collabcanvas/node_modules/jest-circus/build/run.js:181:40)
          at _runTest (/Users/mylessjs/Desktop/Collab-Canvas/collabcanvas/node_modules/jest-circus/build/run.js:158:5)
          at _runTestsForDescribeBlock (/Users/mylessjs/Desktop/Collab-Canvas/collabcanvas/node_modules/jest-circus/build/run.js:66:9)
          at _runTestsForDescribeBlock (/Users/mylessjs/Desktop/Collab-Canvas/collabcanvas/node_modules/jest-circus/build/run.js:60:9)
          at run (/Users/mylessjs/Desktop/Collab-Canvas/collabcanvas/node_modules/jest-circus/build/run.js:25:3)
          at runAndTransformResultsToJestFormat (/Users/mylessjs/Desktop/Collab-Canvas/collabcanvas/node_modules/jest-circus/build/legacy-code-todo-rewrite/jestAdapterInit.js:170:21)
          at jestAdapter (/Users/mylessjs/Desktop/Collab-Canvas/collabcanvas/node_modules/jest-circus/build/legacy-code-todo-rewrite/jestAdapter.js:82:19)
          at runTestInternal (/Users/mylessjs/Desktop/Collab-Canvas/collabcanvas/node_modules/jest-runner/build/runTest.js:389:16)
          at runTest (/Users/mylessjs/Desktop/Collab-Canvas/collabcanvas/node_modules/jest-runner/build/runTest.js:475:34)
          at Object.worker (/Users/mylessjs/Desktop/Collab-Canvas/collabcanvas/node_modules/jest-runner/build/testWorker.js:133:12) TypeError: unsubscribe is not a function
          at /Users/mylessjs/Desktop/Collab-Canvas/collabcanvas/src/context/AuthContext.tsx:48:18
          at safelyCallDestroy (/Users/mylessjs/Desktop/Collab-Canvas/collabcanvas/node_modules/react-dom/cjs/react-dom.development.js:22971:5)
          at commitHookEffectListUnmount (/Users/mylessjs/Desktop/Collab-Canvas/collabcanvas/node_modules/react-dom/cjs/react-dom.development.js:23139:11)
          at commitPassiveUnmountInsideDeletedTreeOnFiber (/Users/mylessjs/Desktop/Collab-Canvas/collabcanvas/node_modules/react-dom/cjs/react-dom.development.js:25140:11)
          at commitPassiveUnmountEffectsInsideOfDeletedTree_begin (/Users/mylessjs/Desktop/Collab-Canvas/collabcanvas/node_modules/react-dom/cjs/react-dom.development.js:25087:5)
          at commitPassiveUnmountEffects_begin (/Users/mylessjs/Desktop/Collab-Canvas/collabcanvas/node_modules/react-dom/cjs/react-dom.development.js:24995:11)
          at commitPassiveUnmountEffects (/Users/mylessjs/Desktop/Collab-Canvas/collabcanvas/node_modules/react-dom/cjs/react-dom.development.js:24980:3)
          at flushPassiveEffectsImpl (/Users/mylessjs/Desktop/Collab-Canvas/collabcanvas/node_modules/react-dom/cjs/react-dom.development.js:27077:3)
          at flushPassiveEffects (/Users/mylessjs/Desktop/Collab-Canvas/collabcanvas/node_modules/react-dom/cjs/react-dom.development.js:27023:14)
          at commitRootImpl (/Users/mylessjs/Desktop/Collab-Canvas/collabcanvas/node_modules/react-dom/cjs/react-dom.development.js:26974:5)
          at commitRoot (/Users/mylessjs/Desktop/Collab-Canvas/collabcanvas/node_modules/react-dom/cjs/react-dom.development.js:26721:5)
          at performSyncWorkOnRoot (/Users/mylessjs/Desktop/Collab-Canvas/collabcanvas/node_modules/react-dom/cjs/react-dom.development.js:26156:3)
          at flushSyncCallbacks (/Users/mylessjs/Desktop/Collab-Canvas/collabcanvas/node_modules/react-dom/cjs/react-dom.development.js:12042:22)
          at flushSync (/Users/mylessjs/Desktop/Collab-Canvas/collabcanvas/node_modules/react-dom/cjs/react-dom.development.js:26240:7)
          at ReactDOMRoot.Object.<anonymous>.ReactDOMHydrationRoot.unmount.ReactDOMRoot.unmount [as unmount] (/Users/mylessjs/Desktop/Collab-Canvas/collabcanvas/node_modules/react-dom/cjs/react-dom.development.js:29375:5)
          at Object.unmount (/Users/mylessjs/Desktop/Collab-Canvas/collabcanvas/node_modules/@testing-library/react/dist/pure.js:164:12)
          at /Users/mylessjs/Desktop/Collab-Canvas/collabcanvas/node_modules/@testing-library/react/dist/pure.js:308:12
          at /Users/mylessjs/Desktop/Collab-Canvas/collabcanvas/node_modules/@testing-library/react/dist/act-compat.js:48:24
          at act (/Users/mylessjs/Desktop/Collab-Canvas/collabcanvas/node_modules/react/cjs/react.development.js:2512:16)
          at /Users/mylessjs/Desktop/Collab-Canvas/collabcanvas/node_modules/@testing-library/react/dist/act-compat.js:47:25
          at /Users/mylessjs/Desktop/Collab-Canvas/collabcanvas/node_modules/@testing-library/react/dist/pure.js:307:28
          at Array.forEach (<anonymous>)
          at cleanup (/Users/mylessjs/Desktop/Collab-Canvas/collabcanvas/node_modules/@testing-library/react/dist/pure.js:303:22)
          at Object.<anonymous> (/Users/mylessjs/Desktop/Collab-Canvas/collabcanvas/node_modules/@testing-library/react/dist/index.js:28:25)
          at Promise.then.completed (/Users/mylessjs/Desktop/Collab-Canvas/collabcanvas/node_modules/jest-circus/build/utils.js:391:28)
          at new Promise (<anonymous>)
          at callAsyncCircusFn (/Users/mylessjs/Desktop/Collab-Canvas/collabcanvas/node_modules/jest-circus/build/utils.js:316:10)
          at _callCircusHook (/Users/mylessjs/Desktop/Collab-Canvas/collabcanvas/node_modules/jest-circus/build/run.js:181:40)
          at _runTest (/Users/mylessjs/Desktop/Collab-Canvas/collabcanvas/node_modules/jest-circus/build/run.js:158:5)
          at _runTestsForDescribeBlock (/Users/mylessjs/Desktop/Collab-Canvas/collabcanvas/node_modules/jest-circus/build/run.js:66:9)
          at _runTestsForDescribeBlock (/Users/mylessjs/Desktop/Collab-Canvas/collabcanvas/node_modules/jest-circus/build/run.js:60:9)
          at run (/Users/mylessjs/Desktop/Collab-Canvas/collabcanvas/node_modules/jest-circus/build/run.js:25:3)
          at runAndTransformResultsToJestFormat (/Users/mylessjs/Desktop/Collab-Canvas/collabcanvas/node_modules/jest-circus/build/legacy-code-todo-rewrite/jestAdapterInit.js:170:21)
          at jestAdapter (/Users/mylessjs/Desktop/Collab-Canvas/collabcanvas/node_modules/jest-circus/build/legacy-code-todo-rewrite/jestAdapter.js:82:19)
          at runTestInternal (/Users/mylessjs/Desktop/Collab-Canvas/collabcanvas/node_modules/jest-runner/build/runTest.js:389:16)
          at runTest (/Users/mylessjs/Desktop/Collab-Canvas/collabcanvas/node_modules/jest-runner/build/runTest.js:475:34)
          at Object.worker (/Users/mylessjs/Desktop/Collab-Canvas/collabcanvas/node_modules/jest-runner/build/testWorker.js:133:12)

      at VirtualConsole.<anonymous> (node_modules/jsdom/lib/jsdom/virtual-console.js:29:45)
      at reportException (node_modules/jsdom/lib/jsdom/living/helpers/runtime-script-errors.js:70:28)
      at innerInvokeEventListeners (node_modules/jsdom/lib/jsdom/living/events/EventTarget-impl.js:341:9)
      at invokeEventListeners (node_modules/jsdom/lib/jsdom/living/events/EventTarget-impl.js:274:3)
      at HTMLUnknownElementImpl._dispatch (node_modules/jsdom/lib/jsdom/living/events/EventTarget-impl.js:221:9)
      at HTMLUnknownElementImpl.dispatchEvent (node_modules/jsdom/lib/jsdom/living/events/EventTarget-impl.js:94:17)
      at HTMLUnknownElement.dispatchEvent (node_modules/jsdom/lib/jsdom/living/generated/EventTarget.js:231:34)
      at Object.invokeGuardedCallbackDev (node_modules/react-dom/cjs/react-dom.development.js:4213:16)
      at invokeGuardedCallback (node_modules/react-dom/cjs/react-dom.development.js:4277:31)
      at reportUncaughtErrorInDEV (node_modules/react-dom/cjs/react-dom.development.js:22877:5)
      at captureCommitPhaseError (node_modules/react-dom/cjs/react-dom.development.js:27165:5)
      at safelyCallDestroy (node_modules/react-dom/cjs/react-dom.development.js:22973:5)
      at commitHookEffectListUnmount (node_modules/react-dom/cjs/react-dom.development.js:23139:11)
      at commitPassiveUnmountInsideDeletedTreeOnFiber (node_modules/react-dom/cjs/react-dom.development.js:25140:11)
      at commitPassiveUnmountEffectsInsideOfDeletedTree_begin (node_modules/react-dom/cjs/react-dom.development.js:25087:5)
      at commitPassiveUnmountEffects_begin (node_modules/react-dom/cjs/react-dom.development.js:24995:11)
      at commitPassiveUnmountEffects (node_modules/react-dom/cjs/react-dom.development.js:24980:3)
      at flushPassiveEffectsImpl (node_modules/react-dom/cjs/react-dom.development.js:27077:3)
      at flushPassiveEffects (node_modules/react-dom/cjs/react-dom.development.js:27023:14)
      at commitRootImpl (node_modules/react-dom/cjs/react-dom.development.js:26974:5)
      at commitRoot (node_modules/react-dom/cjs/react-dom.development.js:26721:5)
      at performSyncWorkOnRoot (node_modules/react-dom/cjs/react-dom.development.js:26156:3)
      at flushSyncCallbacks (node_modules/react-dom/cjs/react-dom.development.js:12042:22)
      at flushSync (node_modules/react-dom/cjs/react-dom.development.js:26240:7)
      at ReactDOMRoot.Object.<anonymous>.ReactDOMHydrationRoot.unmount.ReactDOMRoot.unmount [as unmount] (node_modules/react-dom/cjs/react-dom.development.js:29375:5)
      at Object.unmount (node_modules/@testing-library/react/dist/pure.js:164:12)
      at node_modules/@testing-library/react/dist/pure.js:308:12
      at node_modules/@testing-library/react/dist/act-compat.js:48:24
      at act (node_modules/react/cjs/react.development.js:2512:16)
      at node_modules/@testing-library/react/dist/act-compat.js:47:25
      at node_modules/@testing-library/react/dist/pure.js:307:28
          at Array.forEach (<anonymous>)
      at cleanup (node_modules/@testing-library/react/dist/pure.js:303:22)
      at Object.<anonymous> (node_modules/@testing-library/react/dist/index.js:28:25)

    console.error
      The above error occurred in the <AuthProvider> component:
      
          at AuthProvider (/Users/mylessjs/Desktop/Collab-Canvas/collabcanvas/src/context/AuthContext.tsx:24:61)
      
      Consider adding an error boundary to your tree to customize error handling behavior.
      Visit https://reactjs.org/link/error-boundaries to learn more about error boundaries.

      at logCapturedError (node_modules/react-dom/cjs/react-dom.development.js:18704:23)
      at update.callback (node_modules/react-dom/cjs/react-dom.development.js:18737:5)
      at callCallback (node_modules/react-dom/cjs/react-dom.development.js:15036:12)
      at commitUpdateQueue (node_modules/react-dom/cjs/react-dom.development.js:15057:9)
      at commitLayoutEffectOnFiber (node_modules/react-dom/cjs/react-dom.development.js:23430:13)
      at commitLayoutMountEffects_complete (node_modules/react-dom/cjs/react-dom.development.js:24727:9)
      at commitLayoutEffects_begin (node_modules/react-dom/cjs/react-dom.development.js:24713:7)
      at commitLayoutEffects (node_modules/react-dom/cjs/react-dom.development.js:24651:3)
      at commitRootImpl (node_modules/react-dom/cjs/react-dom.development.js:26862:5)
      at commitRoot (node_modules/react-dom/cjs/react-dom.development.js:26721:5)
      at performSyncWorkOnRoot (node_modules/react-dom/cjs/react-dom.development.js:26156:3)
      at flushSyncCallbacks (node_modules/react-dom/cjs/react-dom.development.js:12042:22)
      at flushSync (node_modules/react-dom/cjs/react-dom.development.js:26240:7)
      at ReactDOMRoot.Object.<anonymous>.ReactDOMHydrationRoot.unmount.ReactDOMRoot.unmount [as unmount] (node_modules/react-dom/cjs/react-dom.development.js:29375:5)
      at Object.unmount (node_modules/@testing-library/react/dist/pure.js:164:12)
      at node_modules/@testing-library/react/dist/pure.js:308:12
      at node_modules/@testing-library/react/dist/act-compat.js:48:24
      at act (node_modules/react/cjs/react.development.js:2512:16)
      at node_modules/@testing-library/react/dist/act-compat.js:47:25
      at node_modules/@testing-library/react/dist/pure.js:307:28
          at Array.forEach (<anonymous>)
      at cleanup (node_modules/@testing-library/react/dist/pure.js:303:22)
      at Object.<anonymous> (node_modules/@testing-library/react/dist/index.js:28:25)

    console.error
      Error: Uncaught [TypeError: unsubscribe is not a function]
          at reportException (/Users/mylessjs/Desktop/Collab-Canvas/collabcanvas/node_modules/jsdom/lib/jsdom/living/helpers/runtime-script-errors.js:66:24)
          at innerInvokeEventListeners (/Users/mylessjs/Desktop/Collab-Canvas/collabcanvas/node_modules/jsdom/lib/jsdom/living/events/EventTarget-impl.js:341:9)
          at invokeEventListeners (/Users/mylessjs/Desktop/Collab-Canvas/collabcanvas/node_modules/jsdom/lib/jsdom/living/events/EventTarget-impl.js:274:3)
          at HTMLUnknownElementImpl._dispatch (/Users/mylessjs/Desktop/Collab-Canvas/collabcanvas/node_modules/jsdom/lib/jsdom/living/events/EventTarget-impl.js:221:9)
          at HTMLUnknownElementImpl.dispatchEvent (/Users/mylessjs/Desktop/Collab-Canvas/collabcanvas/node_modules/jsdom/lib/jsdom/living/events/EventTarget-impl.js:94:17)
          at HTMLUnknownElement.dispatchEvent (/Users/mylessjs/Desktop/Collab-Canvas/collabcanvas/node_modules/jsdom/lib/jsdom/living/generated/EventTarget.js:231:34)
          at Object.invokeGuardedCallbackDev (/Users/mylessjs/Desktop/Collab-Canvas/collabcanvas/node_modules/react-dom/cjs/react-dom.development.js:4213:16)
          at invokeGuardedCallback (/Users/mylessjs/Desktop/Collab-Canvas/collabcanvas/node_modules/react-dom/cjs/react-dom.development.js:4277:31)
          at reportUncaughtErrorInDEV (/Users/mylessjs/Desktop/Collab-Canvas/collabcanvas/node_modules/react-dom/cjs/react-dom.development.js:22877:5)
          at captureCommitPhaseError (/Users/mylessjs/Desktop/Collab-Canvas/collabcanvas/node_modules/react-dom/cjs/react-dom.development.js:27165:5)
          at safelyCallDestroy (/Users/mylessjs/Desktop/Collab-Canvas/collabcanvas/node_modules/react-dom/cjs/react-dom.development.js:22973:5)
          at commitHookEffectListUnmount (/Users/mylessjs/Desktop/Collab-Canvas/collabcanvas/node_modules/react-dom/cjs/react-dom.development.js:23139:11)
          at commitPassiveUnmountInsideDeletedTreeOnFiber (/Users/mylessjs/Desktop/Collab-Canvas/collabcanvas/node_modules/react-dom/cjs/react-dom.development.js:25140:11)
          at commitPassiveUnmountEffectsInsideOfDeletedTree_begin (/Users/mylessjs/Desktop/Collab-Canvas/collabcanvas/node_modules/react-dom/cjs/react-dom.development.js:25087:5)
          at commitPassiveUnmountEffects_begin (/Users/mylessjs/Desktop/Collab-Canvas/collabcanvas/node_modules/react-dom/cjs/react-dom.development.js:24995:11)
          at commitPassiveUnmountEffects (/Users/mylessjs/Desktop/Collab-Canvas/collabcanvas/node_modules/react-dom/cjs/react-dom.development.js:24980:3)
          at flushPassiveEffectsImpl (/Users/mylessjs/Desktop/Collab-Canvas/collabcanvas/node_modules/react-dom/cjs/react-dom.development.js:27077:3)
          at flushPassiveEffects (/Users/mylessjs/Desktop/Collab-Canvas/collabcanvas/node_modules/react-dom/cjs/react-dom.development.js:27023:14)
          at commitRootImpl (/Users/mylessjs/Desktop/Collab-Canvas/collabcanvas/node_modules/react-dom/cjs/react-dom.development.js:26974:5)
          at commitRoot (/Users/mylessjs/Desktop/Collab-Canvas/collabcanvas/node_modules/react-dom/cjs/react-dom.development.js:26721:5)
          at performSyncWorkOnRoot (/Users/mylessjs/Desktop/Collab-Canvas/collabcanvas/node_modules/react-dom/cjs/react-dom.development.js:26156:3)
          at flushSyncCallbacks (/Users/mylessjs/Desktop/Collab-Canvas/collabcanvas/node_modules/react-dom/cjs/react-dom.development.js:12042:22)
          at flushSync (/Users/mylessjs/Desktop/Collab-Canvas/collabcanvas/node_modules/react-dom/cjs/react-dom.development.js:26240:7)
          at ReactDOMRoot.Object.<anonymous>.ReactDOMHydrationRoot.unmount.ReactDOMRoot.unmount [as unmount] (/Users/mylessjs/Desktop/Collab-Canvas/collabcanvas/node_modules/react-dom/cjs/react-dom.development.js:29375:5)
          at Object.unmount (/Users/mylessjs/Desktop/Collab-Canvas/collabcanvas/node_modules/@testing-library/react/dist/pure.js:164:12)
          at /Users/mylessjs/Desktop/Collab-Canvas/collabcanvas/node_modules/@testing-library/react/dist/pure.js:308:12
          at /Users/mylessjs/Desktop/Collab-Canvas/collabcanvas/node_modules/@testing-library/react/dist/act-compat.js:48:24
          at act (/Users/mylessjs/Desktop/Collab-Canvas/collabcanvas/node_modules/react/cjs/react.development.js:2512:16)
          at /Users/mylessjs/Desktop/Collab-Canvas/collabcanvas/node_modules/@testing-library/react/dist/act-compat.js:47:25
          at /Users/mylessjs/Desktop/Collab-Canvas/collabcanvas/node_modules/@testing-library/react/dist/pure.js:307:28
          at Array.forEach (<anonymous>)
          at cleanup (/Users/mylessjs/Desktop/Collab-Canvas/collabcanvas/node_modules/@testing-library/react/dist/pure.js:303:22)
          at Object.<anonymous> (/Users/mylessjs/Desktop/Collab-Canvas/collabcanvas/node_modules/@testing-library/react/dist/index.js:28:25)
          at Promise.then.completed (/Users/mylessjs/Desktop/Collab-Canvas/collabcanvas/node_modules/jest-circus/build/utils.js:391:28)
          at new Promise (<anonymous>)
          at callAsyncCircusFn (/Users/mylessjs/Desktop/Collab-Canvas/collabcanvas/node_modules/jest-circus/build/utils.js:316:10)
          at _callCircusHook (/Users/mylessjs/Desktop/Collab-Canvas/collabcanvas/node_modules/jest-circus/build/run.js:181:40)
          at _runTest (/Users/mylessjs/Desktop/Collab-Canvas/collabcanvas/node_modules/jest-circus/build/run.js:158:5)
          at _runTestsForDescribeBlock (/Users/mylessjs/Desktop/Collab-Canvas/collabcanvas/node_modules/jest-circus/build/run.js:66:9)
          at _runTestsForDescribeBlock (/Users/mylessjs/Desktop/Collab-Canvas/collabcanvas/node_modules/jest-circus/build/run.js:60:9)
          at run (/Users/mylessjs/Desktop/Collab-Canvas/collabcanvas/node_modules/jest-circus/build/run.js:25:3)
          at runAndTransformResultsToJestFormat (/Users/mylessjs/Desktop/Collab-Canvas/collabcanvas/node_modules/jest-circus/build/legacy-code-todo-rewrite/jestAdapterInit.js:170:21)
          at jestAdapter (/Users/mylessjs/Desktop/Collab-Canvas/collabcanvas/node_modules/jest-circus/build/legacy-code-todo-rewrite/jestAdapter.js:82:19)
          at runTestInternal (/Users/mylessjs/Desktop/Collab-Canvas/collabcanvas/node_modules/jest-runner/build/runTest.js:389:16)
          at runTest (/Users/mylessjs/Desktop/Collab-Canvas/collabcanvas/node_modules/jest-runner/build/runTest.js:475:34)
          at Object.worker (/Users/mylessjs/Desktop/Collab-Canvas/collabcanvas/node_modules/jest-runner/build/testWorker.js:133:12) TypeError: unsubscribe is not a function
          at /Users/mylessjs/Desktop/Collab-Canvas/collabcanvas/src/context/AuthContext.tsx:48:18
          at safelyCallDestroy (/Users/mylessjs/Desktop/Collab-Canvas/collabcanvas/node_modules/react-dom/cjs/react-dom.development.js:22971:5)
          at commitHookEffectListUnmount (/Users/mylessjs/Desktop/Collab-Canvas/collabcanvas/node_modules/react-dom/cjs/react-dom.development.js:23139:11)
          at commitPassiveUnmountInsideDeletedTreeOnFiber (/Users/mylessjs/Desktop/Collab-Canvas/collabcanvas/node_modules/react-dom/cjs/react-dom.development.js:25140:11)
          at commitPassiveUnmountEffectsInsideOfDeletedTree_begin (/Users/mylessjs/Desktop/Collab-Canvas/collabcanvas/node_modules/react-dom/cjs/react-dom.development.js:25087:5)
          at commitPassiveUnmountEffects_begin (/Users/mylessjs/Desktop/Collab-Canvas/collabcanvas/node_modules/react-dom/cjs/react-dom.development.js:24995:11)
          at commitPassiveUnmountEffects (/Users/mylessjs/Desktop/Collab-Canvas/collabcanvas/node_modules/react-dom/cjs/react-dom.development.js:24980:3)
          at flushPassiveEffectsImpl (/Users/mylessjs/Desktop/Collab-Canvas/collabcanvas/node_modules/react-dom/cjs/react-dom.development.js:27077:3)
          at flushPassiveEffects (/Users/mylessjs/Desktop/Collab-Canvas/collabcanvas/node_modules/react-dom/cjs/react-dom.development.js:27023:14)
          at commitRootImpl (/Users/mylessjs/Desktop/Collab-Canvas/collabcanvas/node_modules/react-dom/cjs/react-dom.development.js:26974:5)
          at commitRoot (/Users/mylessjs/Desktop/Collab-Canvas/collabcanvas/node_modules/react-dom/cjs/react-dom.development.js:26721:5)
          at performSyncWorkOnRoot (/Users/mylessjs/Desktop/Collab-Canvas/collabcanvas/node_modules/react-dom/cjs/react-dom.development.js:26156:3)
          at flushSyncCallbacks (/Users/mylessjs/Desktop/Collab-Canvas/collabcanvas/node_modules/react-dom/cjs/react-dom.development.js:12042:22)
          at flushSync (/Users/mylessjs/Desktop/Collab-Canvas/collabcanvas/node_modules/react-dom/cjs/react-dom.development.js:26240:7)
          at ReactDOMRoot.Object.<anonymous>.ReactDOMHydrationRoot.unmount.ReactDOMRoot.unmount [as unmount] (/Users/mylessjs/Desktop/Collab-Canvas/collabcanvas/node_modules/react-dom/cjs/react-dom.development.js:29375:5)
          at Object.unmount (/Users/mylessjs/Desktop/Collab-Canvas/collabcanvas/node_modules/@testing-library/react/dist/pure.js:164:12)
          at /Users/mylessjs/Desktop/Collab-Canvas/collabcanvas/node_modules/@testing-library/react/dist/pure.js:308:12
          at /Users/mylessjs/Desktop/Collab-Canvas/collabcanvas/node_modules/@testing-library/react/dist/act-compat.js:48:24
          at act (/Users/mylessjs/Desktop/Collab-Canvas/collabcanvas/node_modules/react/cjs/react.development.js:2512:16)
          at /Users/mylessjs/Desktop/Collab-Canvas/collabcanvas/node_modules/@testing-library/react/dist/act-compat.js:47:25
          at /Users/mylessjs/Desktop/Collab-Canvas/collabcanvas/node_modules/@testing-library/react/dist/pure.js:307:28
          at Array.forEach (<anonymous>)
          at cleanup (/Users/mylessjs/Desktop/Collab-Canvas/collabcanvas/node_modules/@testing-library/react/dist/pure.js:303:22)
          at Object.<anonymous> (/Users/mylessjs/Desktop/Collab-Canvas/collabcanvas/node_modules/@testing-library/react/dist/index.js:28:25)
          at Promise.then.completed (/Users/mylessjs/Desktop/Collab-Canvas/collabcanvas/node_modules/jest-circus/build/utils.js:391:28)
          at new Promise (<anonymous>)
          at callAsyncCircusFn (/Users/mylessjs/Desktop/Collab-Canvas/collabcanvas/node_modules/jest-circus/build/utils.js:316:10)
          at _callCircusHook (/Users/mylessjs/Desktop/Collab-Canvas/collabcanvas/node_modules/jest-circus/build/run.js:181:40)
          at _runTest (/Users/mylessjs/Desktop/Collab-Canvas/collabcanvas/node_modules/jest-circus/build/run.js:158:5)
          at _runTestsForDescribeBlock (/Users/mylessjs/Desktop/Collab-Canvas/collabcanvas/node_modules/jest-circus/build/run.js:66:9)
          at _runTestsForDescribeBlock (/Users/mylessjs/Desktop/Collab-Canvas/collabcanvas/node_modules/jest-circus/build/run.js:60:9)
          at run (/Users/mylessjs/Desktop/Collab-Canvas/collabcanvas/node_modules/jest-circus/build/run.js:25:3)
          at runAndTransformResultsToJestFormat (/Users/mylessjs/Desktop/Collab-Canvas/collabcanvas/node_modules/jest-circus/build/legacy-code-todo-rewrite/jestAdapterInit.js:170:21)
          at jestAdapter (/Users/mylessjs/Desktop/Collab-Canvas/collabcanvas/node_modules/jest-circus/build/legacy-code-todo-rewrite/jestAdapter.js:82:19)
          at runTestInternal (/Users/mylessjs/Desktop/Collab-Canvas/collabcanvas/node_modules/jest-runner/build/runTest.js:389:16)
          at runTest (/Users/mylessjs/Desktop/Collab-Canvas/collabcanvas/node_modules/jest-runner/build/runTest.js:475:34)
          at Object.worker (/Users/mylessjs/Desktop/Collab-Canvas/collabcanvas/node_modules/jest-runner/build/testWorker.js:133:12)

      at VirtualConsole.<anonymous> (node_modules/jsdom/lib/jsdom/virtual-console.js:29:45)
      at reportException (node_modules/jsdom/lib/jsdom/living/helpers/runtime-script-errors.js:70:28)
      at innerInvokeEventListeners (node_modules/jsdom/lib/jsdom/living/events/EventTarget-impl.js:341:9)
      at invokeEventListeners (node_modules/jsdom/lib/jsdom/living/events/EventTarget-impl.js:274:3)
      at HTMLUnknownElementImpl._dispatch (node_modules/jsdom/lib/jsdom/living/events/EventTarget-impl.js:221:9)
      at HTMLUnknownElementImpl.dispatchEvent (node_modules/jsdom/lib/jsdom/living/events/EventTarget-impl.js:94:17)
      at HTMLUnknownElement.dispatchEvent (node_modules/jsdom/lib/jsdom/living/generated/EventTarget.js:231:34)
      at Object.invokeGuardedCallbackDev (node_modules/react-dom/cjs/react-dom.development.js:4213:16)
      at invokeGuardedCallback (node_modules/react-dom/cjs/react-dom.development.js:4277:31)
      at reportUncaughtErrorInDEV (node_modules/react-dom/cjs/react-dom.development.js:22877:5)
      at captureCommitPhaseError (node_modules/react-dom/cjs/react-dom.development.js:27165:5)
      at safelyCallDestroy (node_modules/react-dom/cjs/react-dom.development.js:22973:5)
      at commitHookEffectListUnmount (node_modules/react-dom/cjs/react-dom.development.js:23139:11)
      at commitPassiveUnmountInsideDeletedTreeOnFiber (node_modules/react-dom/cjs/react-dom.development.js:25140:11)
      at commitPassiveUnmountEffectsInsideOfDeletedTree_begin (node_modules/react-dom/cjs/react-dom.development.js:25087:5)
      at commitPassiveUnmountEffects_begin (node_modules/react-dom/cjs/react-dom.development.js:24995:11)
      at commitPassiveUnmountEffects (node_modules/react-dom/cjs/react-dom.development.js:24980:3)
      at flushPassiveEffectsImpl (node_modules/react-dom/cjs/react-dom.development.js:27077:3)
      at flushPassiveEffects (node_modules/react-dom/cjs/react-dom.development.js:27023:14)
      at commitRootImpl (node_modules/react-dom/cjs/react-dom.development.js:26974:5)
      at commitRoot (node_modules/react-dom/cjs/react-dom.development.js:26721:5)
      at performSyncWorkOnRoot (node_modules/react-dom/cjs/react-dom.development.js:26156:3)
      at flushSyncCallbacks (node_modules/react-dom/cjs/react-dom.development.js:12042:22)
      at flushSync (node_modules/react-dom/cjs/react-dom.development.js:26240:7)
      at ReactDOMRoot.Object.<anonymous>.ReactDOMHydrationRoot.unmount.ReactDOMRoot.unmount [as unmount] (node_modules/react-dom/cjs/react-dom.development.js:29375:5)
      at Object.unmount (node_modules/@testing-library/react/dist/pure.js:164:12)
      at node_modules/@testing-library/react/dist/pure.js:308:12
      at node_modules/@testing-library/react/dist/act-compat.js:48:24
      at act (node_modules/react/cjs/react.development.js:2512:16)
      at node_modules/@testing-library/react/dist/act-compat.js:47:25
      at node_modules/@testing-library/react/dist/pure.js:307:28
          at Array.forEach (<anonymous>)
      at cleanup (node_modules/@testing-library/react/dist/pure.js:303:22)
      at Object.<anonymous> (node_modules/@testing-library/react/dist/index.js:28:25)

    console.error
      The above error occurred in the <AuthProvider> component:
      
          at AuthProvider (/Users/mylessjs/Desktop/Collab-Canvas/collabcanvas/src/context/AuthContext.tsx:24:61)
      
      Consider adding an error boundary to your tree to customize error handling behavior.
      Visit https://reactjs.org/link/error-boundaries to learn more about error boundaries.

      at logCapturedError (node_modules/react-dom/cjs/react-dom.development.js:18704:23)
      at update.callback (node_modules/react-dom/cjs/react-dom.development.js:18737:5)
      at callCallback (node_modules/react-dom/cjs/react-dom.development.js:15036:12)
      at commitUpdateQueue (node_modules/react-dom/cjs/react-dom.development.js:15057:9)
      at commitLayoutEffectOnFiber (node_modules/react-dom/cjs/react-dom.development.js:23430:13)
      at commitLayoutMountEffects_complete (node_modules/react-dom/cjs/react-dom.development.js:24727:9)
      at commitLayoutEffects_begin (node_modules/react-dom/cjs/react-dom.development.js:24713:7)
      at commitLayoutEffects (node_modules/react-dom/cjs/react-dom.development.js:24651:3)
      at commitRootImpl (node_modules/react-dom/cjs/react-dom.development.js:26862:5)
      at commitRoot (node_modules/react-dom/cjs/react-dom.development.js:26721:5)
      at performSyncWorkOnRoot (node_modules/react-dom/cjs/react-dom.development.js:26156:3)
      at flushSyncCallbacks (node_modules/react-dom/cjs/react-dom.development.js:12042:22)
      at flushSync (node_modules/react-dom/cjs/react-dom.development.js:26240:7)
      at ReactDOMRoot.Object.<anonymous>.ReactDOMHydrationRoot.unmount.ReactDOMRoot.unmount [as unmount] (node_modules/react-dom/cjs/react-dom.development.js:29375:5)
      at Object.unmount (node_modules/@testing-library/react/dist/pure.js:164:12)
      at node_modules/@testing-library/react/dist/pure.js:308:12
      at node_modules/@testing-library/react/dist/act-compat.js:48:24
      at act (node_modules/react/cjs/react.development.js:2512:16)
      at node_modules/@testing-library/react/dist/act-compat.js:47:25
      at node_modules/@testing-library/react/dist/pure.js:307:28
          at Array.forEach (<anonymous>)
      at cleanup (node_modules/@testing-library/react/dist/pure.js:303:22)
      at Object.<anonymous> (node_modules/@testing-library/react/dist/index.js:28:25)

    console.error
      Error: Uncaught [TypeError: unsubscribe is not a function]
          at reportException (/Users/mylessjs/Desktop/Collab-Canvas/collabcanvas/node_modules/jsdom/lib/jsdom/living/helpers/runtime-script-errors.js:66:24)
          at innerInvokeEventListeners (/Users/mylessjs/Desktop/Collab-Canvas/collabcanvas/node_modules/jsdom/lib/jsdom/living/events/EventTarget-impl.js:341:9)
          at invokeEventListeners (/Users/mylessjs/Desktop/Collab-Canvas/collabcanvas/node_modules/jsdom/lib/jsdom/living/events/EventTarget-impl.js:274:3)
          at HTMLUnknownElementImpl._dispatch (/Users/mylessjs/Desktop/Collab-Canvas/collabcanvas/node_modules/jsdom/lib/jsdom/living/events/EventTarget-impl.js:221:9)
          at HTMLUnknownElementImpl.dispatchEvent (/Users/mylessjs/Desktop/Collab-Canvas/collabcanvas/node_modules/jsdom/lib/jsdom/living/events/EventTarget-impl.js:94:17)
          at HTMLUnknownElement.dispatchEvent (/Users/mylessjs/Desktop/Collab-Canvas/collabcanvas/node_modules/jsdom/lib/jsdom/living/generated/EventTarget.js:231:34)
          at Object.invokeGuardedCallbackDev (/Users/mylessjs/Desktop/Collab-Canvas/collabcanvas/node_modules/react-dom/cjs/react-dom.development.js:4213:16)
          at invokeGuardedCallback (/Users/mylessjs/Desktop/Collab-Canvas/collabcanvas/node_modules/react-dom/cjs/react-dom.development.js:4277:31)
          at reportUncaughtErrorInDEV (/Users/mylessjs/Desktop/Collab-Canvas/collabcanvas/node_modules/react-dom/cjs/react-dom.development.js:22877:5)
          at captureCommitPhaseError (/Users/mylessjs/Desktop/Collab-Canvas/collabcanvas/node_modules/react-dom/cjs/react-dom.development.js:27165:5)
          at safelyCallDestroy (/Users/mylessjs/Desktop/Collab-Canvas/collabcanvas/node_modules/react-dom/cjs/react-dom.development.js:22973:5)
          at commitHookEffectListUnmount (/Users/mylessjs/Desktop/Collab-Canvas/collabcanvas/node_modules/react-dom/cjs/react-dom.development.js:23139:11)
          at commitPassiveUnmountInsideDeletedTreeOnFiber (/Users/mylessjs/Desktop/Collab-Canvas/collabcanvas/node_modules/react-dom/cjs/react-dom.development.js:25140:11)
          at commitPassiveUnmountEffectsInsideOfDeletedTree_begin (/Users/mylessjs/Desktop/Collab-Canvas/collabcanvas/node_modules/react-dom/cjs/react-dom.development.js:25087:5)
          at commitPassiveUnmountEffects_begin (/Users/mylessjs/Desktop/Collab-Canvas/collabcanvas/node_modules/react-dom/cjs/react-dom.development.js:24995:11)
          at commitPassiveUnmountEffects (/Users/mylessjs/Desktop/Collab-Canvas/collabcanvas/node_modules/react-dom/cjs/react-dom.development.js:24980:3)
          at flushPassiveEffectsImpl (/Users/mylessjs/Desktop/Collab-Canvas/collabcanvas/node_modules/react-dom/cjs/react-dom.development.js:27077:3)
          at flushPassiveEffects (/Users/mylessjs/Desktop/Collab-Canvas/collabcanvas/node_modules/react-dom/cjs/react-dom.development.js:27023:14)
          at commitRootImpl (/Users/mylessjs/Desktop/Collab-Canvas/collabcanvas/node_modules/react-dom/cjs/react-dom.development.js:26974:5)
          at commitRoot (/Users/mylessjs/Desktop/Collab-Canvas/collabcanvas/node_modules/react-dom/cjs/react-dom.development.js:26721:5)
          at performSyncWorkOnRoot (/Users/mylessjs/Desktop/Collab-Canvas/collabcanvas/node_modules/react-dom/cjs/react-dom.development.js:26156:3)
          at flushSyncCallbacks (/Users/mylessjs/Desktop/Collab-Canvas/collabcanvas/node_modules/react-dom/cjs/react-dom.development.js:12042:22)
          at flushSync (/Users/mylessjs/Desktop/Collab-Canvas/collabcanvas/node_modules/react-dom/cjs/react-dom.development.js:26240:7)
          at ReactDOMRoot.Object.<anonymous>.ReactDOMHydrationRoot.unmount.ReactDOMRoot.unmount [as unmount] (/Users/mylessjs/Desktop/Collab-Canvas/collabcanvas/node_modules/react-dom/cjs/react-dom.development.js:29375:5)
          at Object.unmount (/Users/mylessjs/Desktop/Collab-Canvas/collabcanvas/node_modules/@testing-library/react/dist/pure.js:164:12)
          at /Users/mylessjs/Desktop/Collab-Canvas/collabcanvas/node_modules/@testing-library/react/dist/pure.js:308:12
          at /Users/mylessjs/Desktop/Collab-Canvas/collabcanvas/node_modules/@testing-library/react/dist/act-compat.js:48:24
          at act (/Users/mylessjs/Desktop/Collab-Canvas/collabcanvas/node_modules/react/cjs/react.development.js:2512:16)
          at /Users/mylessjs/Desktop/Collab-Canvas/collabcanvas/node_modules/@testing-library/react/dist/act-compat.js:47:25
          at /Users/mylessjs/Desktop/Collab-Canvas/collabcanvas/node_modules/@testing-library/react/dist/pure.js:307:28
          at Array.forEach (<anonymous>)
          at cleanup (/Users/mylessjs/Desktop/Collab-Canvas/collabcanvas/node_modules/@testing-library/react/dist/pure.js:303:22)
          at Object.<anonymous> (/Users/mylessjs/Desktop/Collab-Canvas/collabcanvas/node_modules/@testing-library/react/dist/index.js:28:25)
          at Promise.then.completed (/Users/mylessjs/Desktop/Collab-Canvas/collabcanvas/node_modules/jest-circus/build/utils.js:391:28)
          at new Promise (<anonymous>)
          at callAsyncCircusFn (/Users/mylessjs/Desktop/Collab-Canvas/collabcanvas/node_modules/jest-circus/build/utils.js:316:10)
          at _callCircusHook (/Users/mylessjs/Desktop/Collab-Canvas/collabcanvas/node_modules/jest-circus/build/run.js:181:40)
          at _runTest (/Users/mylessjs/Desktop/Collab-Canvas/collabcanvas/node_modules/jest-circus/build/run.js:158:5)
          at _runTestsForDescribeBlock (/Users/mylessjs/Desktop/Collab-Canvas/collabcanvas/node_modules/jest-circus/build/run.js:66:9)
          at _runTestsForDescribeBlock (/Users/mylessjs/Desktop/Collab-Canvas/collabcanvas/node_modules/jest-circus/build/run.js:60:9)
          at run (/Users/mylessjs/Desktop/Collab-Canvas/collabcanvas/node_modules/jest-circus/build/run.js:25:3)
          at runAndTransformResultsToJestFormat (/Users/mylessjs/Desktop/Collab-Canvas/collabcanvas/node_modules/jest-circus/build/legacy-code-todo-rewrite/jestAdapterInit.js:170:21)
          at jestAdapter (/Users/mylessjs/Desktop/Collab-Canvas/collabcanvas/node_modules/jest-circus/build/legacy-code-todo-rewrite/jestAdapter.js:82:19)
          at runTestInternal (/Users/mylessjs/Desktop/Collab-Canvas/collabcanvas/node_modules/jest-runner/build/runTest.js:389:16)
          at runTest (/Users/mylessjs/Desktop/Collab-Canvas/collabcanvas/node_modules/jest-runner/build/runTest.js:475:34)
          at Object.worker (/Users/mylessjs/Desktop/Collab-Canvas/collabcanvas/node_modules/jest-runner/build/testWorker.js:133:12) TypeError: unsubscribe is not a function
          at /Users/mylessjs/Desktop/Collab-Canvas/collabcanvas/src/context/AuthContext.tsx:48:18
          at safelyCallDestroy (/Users/mylessjs/Desktop/Collab-Canvas/collabcanvas/node_modules/react-dom/cjs/react-dom.development.js:22971:5)
          at commitHookEffectListUnmount (/Users/mylessjs/Desktop/Collab-Canvas/collabcanvas/node_modules/react-dom/cjs/react-dom.development.js:23139:11)
          at commitPassiveUnmountInsideDeletedTreeOnFiber (/Users/mylessjs/Desktop/Collab-Canvas/collabcanvas/node_modules/react-dom/cjs/react-dom.development.js:25140:11)
          at commitPassiveUnmountEffectsInsideOfDeletedTree_begin (/Users/mylessjs/Desktop/Collab-Canvas/collabcanvas/node_modules/react-dom/cjs/react-dom.development.js:25087:5)
          at commitPassiveUnmountEffects_begin (/Users/mylessjs/Desktop/Collab-Canvas/collabcanvas/node_modules/react-dom/cjs/react-dom.development.js:24995:11)
          at commitPassiveUnmountEffects (/Users/mylessjs/Desktop/Collab-Canvas/collabcanvas/node_modules/react-dom/cjs/react-dom.development.js:24980:3)
          at flushPassiveEffectsImpl (/Users/mylessjs/Desktop/Collab-Canvas/collabcanvas/node_modules/react-dom/cjs/react-dom.development.js:27077:3)
          at flushPassiveEffects (/Users/mylessjs/Desktop/Collab-Canvas/collabcanvas/node_modules/react-dom/cjs/react-dom.development.js:27023:14)
          at commitRootImpl (/Users/mylessjs/Desktop/Collab-Canvas/collabcanvas/node_modules/react-dom/cjs/react-dom.development.js:26974:5)
          at commitRoot (/Users/mylessjs/Desktop/Collab-Canvas/collabcanvas/node_modules/react-dom/cjs/react-dom.development.js:26721:5)
          at performSyncWorkOnRoot (/Users/mylessjs/Desktop/Collab-Canvas/collabcanvas/node_modules/react-dom/cjs/react-dom.development.js:26156:3)
          at flushSyncCallbacks (/Users/mylessjs/Desktop/Collab-Canvas/collabcanvas/node_modules/react-dom/cjs/react-dom.development.js:12042:22)
          at flushSync (/Users/mylessjs/Desktop/Collab-Canvas/collabcanvas/node_modules/react-dom/cjs/react-dom.development.js:26240:7)
          at ReactDOMRoot.Object.<anonymous>.ReactDOMHydrationRoot.unmount.ReactDOMRoot.unmount [as unmount] (/Users/mylessjs/Desktop/Collab-Canvas/collabcanvas/node_modules/react-dom/cjs/react-dom.development.js:29375:5)
          at Object.unmount (/Users/mylessjs/Desktop/Collab-Canvas/collabcanvas/node_modules/@testing-library/react/dist/pure.js:164:12)
          at /Users/mylessjs/Desktop/Collab-Canvas/collabcanvas/node_modules/@testing-library/react/dist/pure.js:308:12
          at /Users/mylessjs/Desktop/Collab-Canvas/collabcanvas/node_modules/@testing-library/react/dist/act-compat.js:48:24
          at act (/Users/mylessjs/Desktop/Collab-Canvas/collabcanvas/node_modules/react/cjs/react.development.js:2512:16)
          at /Users/mylessjs/Desktop/Collab-Canvas/collabcanvas/node_modules/@testing-library/react/dist/act-compat.js:47:25
          at /Users/mylessjs/Desktop/Collab-Canvas/collabcanvas/node_modules/@testing-library/react/dist/pure.js:307:28
          at Array.forEach (<anonymous>)
          at cleanup (/Users/mylessjs/Desktop/Collab-Canvas/collabcanvas/node_modules/@testing-library/react/dist/pure.js:303:22)
          at Object.<anonymous> (/Users/mylessjs/Desktop/Collab-Canvas/collabcanvas/node_modules/@testing-library/react/dist/index.js:28:25)
          at Promise.then.completed (/Users/mylessjs/Desktop/Collab-Canvas/collabcanvas/node_modules/jest-circus/build/utils.js:391:28)
          at new Promise (<anonymous>)
          at callAsyncCircusFn (/Users/mylessjs/Desktop/Collab-Canvas/collabcanvas/node_modules/jest-circus/build/utils.js:316:10)
          at _callCircusHook (/Users/mylessjs/Desktop/Collab-Canvas/collabcanvas/node_modules/jest-circus/build/run.js:181:40)
          at _runTest (/Users/mylessjs/Desktop/Collab-Canvas/collabcanvas/node_modules/jest-circus/build/run.js:158:5)
          at _runTestsForDescribeBlock (/Users/mylessjs/Desktop/Collab-Canvas/collabcanvas/node_modules/jest-circus/build/run.js:66:9)
          at _runTestsForDescribeBlock (/Users/mylessjs/Desktop/Collab-Canvas/collabcanvas/node_modules/jest-circus/build/run.js:60:9)
          at run (/Users/mylessjs/Desktop/Collab-Canvas/collabcanvas/node_modules/jest-circus/build/run.js:25:3)
          at runAndTransformResultsToJestFormat (/Users/mylessjs/Desktop/Collab-Canvas/collabcanvas/node_modules/jest-circus/build/legacy-code-todo-rewrite/jestAdapterInit.js:170:21)
          at jestAdapter (/Users/mylessjs/Desktop/Collab-Canvas/collabcanvas/node_modules/jest-circus/build/legacy-code-todo-rewrite/jestAdapter.js:82:19)
          at runTestInternal (/Users/mylessjs/Desktop/Collab-Canvas/collabcanvas/node_modules/jest-runner/build/runTest.js:389:16)
          at runTest (/Users/mylessjs/Desktop/Collab-Canvas/collabcanvas/node_modules/jest-runner/build/runTest.js:475:34)
          at Object.worker (/Users/mylessjs/Desktop/Collab-Canvas/collabcanvas/node_modules/jest-runner/build/testWorker.js:133:12)

      at VirtualConsole.<anonymous> (node_modules/jsdom/lib/jsdom/virtual-console.js:29:45)
      at reportException (node_modules/jsdom/lib/jsdom/living/helpers/runtime-script-errors.js:70:28)
      at innerInvokeEventListeners (node_modules/jsdom/lib/jsdom/living/events/EventTarget-impl.js:341:9)
      at invokeEventListeners (node_modules/jsdom/lib/jsdom/living/events/EventTarget-impl.js:274:3)
      at HTMLUnknownElementImpl._dispatch (node_modules/jsdom/lib/jsdom/living/events/EventTarget-impl.js:221:9)
      at HTMLUnknownElementImpl.dispatchEvent (node_modules/jsdom/lib/jsdom/living/events/EventTarget-impl.js:94:17)
      at HTMLUnknownElement.dispatchEvent (node_modules/jsdom/lib/jsdom/living/generated/EventTarget.js:231:34)
      at Object.invokeGuardedCallbackDev (node_modules/react-dom/cjs/react-dom.development.js:4213:16)
      at invokeGuardedCallback (node_modules/react-dom/cjs/react-dom.development.js:4277:31)
      at reportUncaughtErrorInDEV (node_modules/react-dom/cjs/react-dom.development.js:22877:5)
      at captureCommitPhaseError (node_modules/react-dom/cjs/react-dom.development.js:27165:5)
      at safelyCallDestroy (node_modules/react-dom/cjs/react-dom.development.js:22973:5)
      at commitHookEffectListUnmount (node_modules/react-dom/cjs/react-dom.development.js:23139:11)
      at commitPassiveUnmountInsideDeletedTreeOnFiber (node_modules/react-dom/cjs/react-dom.development.js:25140:11)
      at commitPassiveUnmountEffectsInsideOfDeletedTree_begin (node_modules/react-dom/cjs/react-dom.development.js:25087:5)
      at commitPassiveUnmountEffects_begin (node_modules/react-dom/cjs/react-dom.development.js:24995:11)
      at commitPassiveUnmountEffects (node_modules/react-dom/cjs/react-dom.development.js:24980:3)
      at flushPassiveEffectsImpl (node_modules/react-dom/cjs/react-dom.development.js:27077:3)
      at flushPassiveEffects (node_modules/react-dom/cjs/react-dom.development.js:27023:14)
      at commitRootImpl (node_modules/react-dom/cjs/react-dom.development.js:26974:5)
      at commitRoot (node_modules/react-dom/cjs/react-dom.development.js:26721:5)
      at performSyncWorkOnRoot (node_modules/react-dom/cjs/react-dom.development.js:26156:3)
      at flushSyncCallbacks (node_modules/react-dom/cjs/react-dom.development.js:12042:22)
      at flushSync (node_modules/react-dom/cjs/react-dom.development.js:26240:7)
      at ReactDOMRoot.Object.<anonymous>.ReactDOMHydrationRoot.unmount.ReactDOMRoot.unmount [as unmount] (node_modules/react-dom/cjs/react-dom.development.js:29375:5)
      at Object.unmount (node_modules/@testing-library/react/dist/pure.js:164:12)
      at node_modules/@testing-library/react/dist/pure.js:308:12
      at node_modules/@testing-library/react/dist/act-compat.js:48:24
      at act (node_modules/react/cjs/react.development.js:2512:16)
      at node_modules/@testing-library/react/dist/act-compat.js:47:25
      at node_modules/@testing-library/react/dist/pure.js:307:28
          at Array.forEach (<anonymous>)
      at cleanup (node_modules/@testing-library/react/dist/pure.js:303:22)
      at Object.<anonymous> (node_modules/@testing-library/react/dist/index.js:28:25)

    console.error
      The above error occurred in the <AuthProvider> component:
      
          at AuthProvider (/Users/mylessjs/Desktop/Collab-Canvas/collabcanvas/src/context/AuthContext.tsx:24:61)
      
      Consider adding an error boundary to your tree to customize error handling behavior.
      Visit https://reactjs.org/link/error-boundaries to learn more about error boundaries.

      at logCapturedError (node_modules/react-dom/cjs/react-dom.development.js:18704:23)
      at update.callback (node_modules/react-dom/cjs/react-dom.development.js:18737:5)
      at callCallback (node_modules/react-dom/cjs/react-dom.development.js:15036:12)
      at commitUpdateQueue (node_modules/react-dom/cjs/react-dom.development.js:15057:9)
      at commitLayoutEffectOnFiber (node_modules/react-dom/cjs/react-dom.development.js:23430:13)
      at commitLayoutMountEffects_complete (node_modules/react-dom/cjs/react-dom.development.js:24727:9)
      at commitLayoutEffects_begin (node_modules/react-dom/cjs/react-dom.development.js:24713:7)
      at commitLayoutEffects (node_modules/react-dom/cjs/react-dom.development.js:24651:3)
      at commitRootImpl (node_modules/react-dom/cjs/react-dom.development.js:26862:5)
      at commitRoot (node_modules/react-dom/cjs/react-dom.development.js:26721:5)
      at performSyncWorkOnRoot (node_modules/react-dom/cjs/react-dom.development.js:26156:3)
      at flushSyncCallbacks (node_modules/react-dom/cjs/react-dom.development.js:12042:22)
      at flushSync (node_modules/react-dom/cjs/react-dom.development.js:26240:7)
      at ReactDOMRoot.Object.<anonymous>.ReactDOMHydrationRoot.unmount.ReactDOMRoot.unmount [as unmount] (node_modules/react-dom/cjs/react-dom.development.js:29375:5)
      at Object.unmount (node_modules/@testing-library/react/dist/pure.js:164:12)
      at node_modules/@testing-library/react/dist/pure.js:308:12
      at node_modules/@testing-library/react/dist/act-compat.js:48:24
      at act (node_modules/react/cjs/react.development.js:2512:16)
      at node_modules/@testing-library/react/dist/act-compat.js:47:25
      at node_modules/@testing-library/react/dist/pure.js:307:28
          at Array.forEach (<anonymous>)
      at cleanup (node_modules/@testing-library/react/dist/pure.js:303:22)
      at Object.<anonymous> (node_modules/@testing-library/react/dist/index.js:28:25)

    console.error
      Error: Uncaught [TypeError: unsubscribe is not a function]
          at reportException (/Users/mylessjs/Desktop/Collab-Canvas/collabcanvas/node_modules/jsdom/lib/jsdom/living/helpers/runtime-script-errors.js:66:24)
          at innerInvokeEventListeners (/Users/mylessjs/Desktop/Collab-Canvas/collabcanvas/node_modules/jsdom/lib/jsdom/living/events/EventTarget-impl.js:341:9)
          at invokeEventListeners (/Users/mylessjs/Desktop/Collab-Canvas/collabcanvas/node_modules/jsdom/lib/jsdom/living/events/EventTarget-impl.js:274:3)
          at HTMLUnknownElementImpl._dispatch (/Users/mylessjs/Desktop/Collab-Canvas/collabcanvas/node_modules/jsdom/lib/jsdom/living/events/EventTarget-impl.js:221:9)
          at HTMLUnknownElementImpl.dispatchEvent (/Users/mylessjs/Desktop/Collab-Canvas/collabcanvas/node_modules/jsdom/lib/jsdom/living/events/EventTarget-impl.js:94:17)
          at HTMLUnknownElement.dispatchEvent (/Users/mylessjs/Desktop/Collab-Canvas/collabcanvas/node_modules/jsdom/lib/jsdom/living/generated/EventTarget.js:231:34)
          at Object.invokeGuardedCallbackDev (/Users/mylessjs/Desktop/Collab-Canvas/collabcanvas/node_modules/react-dom/cjs/react-dom.development.js:4213:16)
          at invokeGuardedCallback (/Users/mylessjs/Desktop/Collab-Canvas/collabcanvas/node_modules/react-dom/cjs/react-dom.development.js:4277:31)
          at reportUncaughtErrorInDEV (/Users/mylessjs/Desktop/Collab-Canvas/collabcanvas/node_modules/react-dom/cjs/react-dom.development.js:22877:5)
          at captureCommitPhaseError (/Users/mylessjs/Desktop/Collab-Canvas/collabcanvas/node_modules/react-dom/cjs/react-dom.development.js:27165:5)
          at safelyCallDestroy (/Users/mylessjs/Desktop/Collab-Canvas/collabcanvas/node_modules/react-dom/cjs/react-dom.development.js:22973:5)
          at commitHookEffectListUnmount (/Users/mylessjs/Desktop/Collab-Canvas/collabcanvas/node_modules/react-dom/cjs/react-dom.development.js:23139:11)
          at commitPassiveUnmountInsideDeletedTreeOnFiber (/Users/mylessjs/Desktop/Collab-Canvas/collabcanvas/node_modules/react-dom/cjs/react-dom.development.js:25140:11)
          at commitPassiveUnmountEffectsInsideOfDeletedTree_begin (/Users/mylessjs/Desktop/Collab-Canvas/collabcanvas/node_modules/react-dom/cjs/react-dom.development.js:25087:5)
          at commitPassiveUnmountEffects_begin (/Users/mylessjs/Desktop/Collab-Canvas/collabcanvas/node_modules/react-dom/cjs/react-dom.development.js:24995:11)
          at commitPassiveUnmountEffects (/Users/mylessjs/Desktop/Collab-Canvas/collabcanvas/node_modules/react-dom/cjs/react-dom.development.js:24980:3)
          at flushPassiveEffectsImpl (/Users/mylessjs/Desktop/Collab-Canvas/collabcanvas/node_modules/react-dom/cjs/react-dom.development.js:27077:3)
          at flushPassiveEffects (/Users/mylessjs/Desktop/Collab-Canvas/collabcanvas/node_modules/react-dom/cjs/react-dom.development.js:27023:14)
          at commitRootImpl (/Users/mylessjs/Desktop/Collab-Canvas/collabcanvas/node_modules/react-dom/cjs/react-dom.development.js:26974:5)
          at commitRoot (/Users/mylessjs/Desktop/Collab-Canvas/collabcanvas/node_modules/react-dom/cjs/react-dom.development.js:26721:5)
          at performSyncWorkOnRoot (/Users/mylessjs/Desktop/Collab-Canvas/collabcanvas/node_modules/react-dom/cjs/react-dom.development.js:26156:3)
          at flushSyncCallbacks (/Users/mylessjs/Desktop/Collab-Canvas/collabcanvas/node_modules/react-dom/cjs/react-dom.development.js:12042:22)
          at flushSync (/Users/mylessjs/Desktop/Collab-Canvas/collabcanvas/node_modules/react-dom/cjs/react-dom.development.js:26240:7)
          at ReactDOMRoot.Object.<anonymous>.ReactDOMHydrationRoot.unmount.ReactDOMRoot.unmount [as unmount] (/Users/mylessjs/Desktop/Collab-Canvas/collabcanvas/node_modules/react-dom/cjs/react-dom.development.js:29375:5)
          at Object.unmount (/Users/mylessjs/Desktop/Collab-Canvas/collabcanvas/node_modules/@testing-library/react/dist/pure.js:164:12)
          at /Users/mylessjs/Desktop/Collab-Canvas/collabcanvas/node_modules/@testing-library/react/dist/pure.js:308:12
          at /Users/mylessjs/Desktop/Collab-Canvas/collabcanvas/node_modules/@testing-library/react/dist/act-compat.js:48:24
          at act (/Users/mylessjs/Desktop/Collab-Canvas/collabcanvas/node_modules/react/cjs/react.development.js:2512:16)
          at /Users/mylessjs/Desktop/Collab-Canvas/collabcanvas/node_modules/@testing-library/react/dist/act-compat.js:47:25
          at /Users/mylessjs/Desktop/Collab-Canvas/collabcanvas/node_modules/@testing-library/react/dist/pure.js:307:28
          at Array.forEach (<anonymous>)
          at cleanup (/Users/mylessjs/Desktop/Collab-Canvas/collabcanvas/node_modules/@testing-library/react/dist/pure.js:303:22)
          at Object.<anonymous> (/Users/mylessjs/Desktop/Collab-Canvas/collabcanvas/node_modules/@testing-library/react/dist/index.js:28:25)
          at Promise.then.completed (/Users/mylessjs/Desktop/Collab-Canvas/collabcanvas/node_modules/jest-circus/build/utils.js:391:28)
          at new Promise (<anonymous>)
          at callAsyncCircusFn (/Users/mylessjs/Desktop/Collab-Canvas/collabcanvas/node_modules/jest-circus/build/utils.js:316:10)
          at _callCircusHook (/Users/mylessjs/Desktop/Collab-Canvas/collabcanvas/node_modules/jest-circus/build/run.js:181:40)
          at _runTest (/Users/mylessjs/Desktop/Collab-Canvas/collabcanvas/node_modules/jest-circus/build/run.js:158:5)
          at _runTestsForDescribeBlock (/Users/mylessjs/Desktop/Collab-Canvas/collabcanvas/node_modules/jest-circus/build/run.js:66:9)
          at _runTestsForDescribeBlock (/Users/mylessjs/Desktop/Collab-Canvas/collabcanvas/node_modules/jest-circus/build/run.js:60:9)
          at run (/Users/mylessjs/Desktop/Collab-Canvas/collabcanvas/node_modules/jest-circus/build/run.js:25:3)
          at runAndTransformResultsToJestFormat (/Users/mylessjs/Desktop/Collab-Canvas/collabcanvas/node_modules/jest-circus/build/legacy-code-todo-rewrite/jestAdapterInit.js:170:21)
          at jestAdapter (/Users/mylessjs/Desktop/Collab-Canvas/collabcanvas/node_modules/jest-circus/build/legacy-code-todo-rewrite/jestAdapter.js:82:19)
          at runTestInternal (/Users/mylessjs/Desktop/Collab-Canvas/collabcanvas/node_modules/jest-runner/build/runTest.js:389:16)
          at runTest (/Users/mylessjs/Desktop/Collab-Canvas/collabcanvas/node_modules/jest-runner/build/runTest.js:475:34)
          at Object.worker (/Users/mylessjs/Desktop/Collab-Canvas/collabcanvas/node_modules/jest-runner/build/testWorker.js:133:12) TypeError: unsubscribe is not a function
          at /Users/mylessjs/Desktop/Collab-Canvas/collabcanvas/src/context/AuthContext.tsx:48:18
          at safelyCallDestroy (/Users/mylessjs/Desktop/Collab-Canvas/collabcanvas/node_modules/react-dom/cjs/react-dom.development.js:22971:5)
          at commitHookEffectListUnmount (/Users/mylessjs/Desktop/Collab-Canvas/collabcanvas/node_modules/react-dom/cjs/react-dom.development.js:23139:11)
          at commitPassiveUnmountInsideDeletedTreeOnFiber (/Users/mylessjs/Desktop/Collab-Canvas/collabcanvas/node_modules/react-dom/cjs/react-dom.development.js:25140:11)
          at commitPassiveUnmountEffectsInsideOfDeletedTree_begin (/Users/mylessjs/Desktop/Collab-Canvas/collabcanvas/node_modules/react-dom/cjs/react-dom.development.js:25087:5)
          at commitPassiveUnmountEffects_begin (/Users/mylessjs/Desktop/Collab-Canvas/collabcanvas/node_modules/react-dom/cjs/react-dom.development.js:24995:11)
          at commitPassiveUnmountEffects (/Users/mylessjs/Desktop/Collab-Canvas/collabcanvas/node_modules/react-dom/cjs/react-dom.development.js:24980:3)
          at flushPassiveEffectsImpl (/Users/mylessjs/Desktop/Collab-Canvas/collabcanvas/node_modules/react-dom/cjs/react-dom.development.js:27077:3)
          at flushPassiveEffects (/Users/mylessjs/Desktop/Collab-Canvas/collabcanvas/node_modules/react-dom/cjs/react-dom.development.js:27023:14)
          at commitRootImpl (/Users/mylessjs/Desktop/Collab-Canvas/collabcanvas/node_modules/react-dom/cjs/react-dom.development.js:26974:5)
          at commitRoot (/Users/mylessjs/Desktop/Collab-Canvas/collabcanvas/node_modules/react-dom/cjs/react-dom.development.js:26721:5)
          at performSyncWorkOnRoot (/Users/mylessjs/Desktop/Collab-Canvas/collabcanvas/node_modules/react-dom/cjs/react-dom.development.js:26156:3)
          at flushSyncCallbacks (/Users/mylessjs/Desktop/Collab-Canvas/collabcanvas/node_modules/react-dom/cjs/react-dom.development.js:12042:22)
          at flushSync (/Users/mylessjs/Desktop/Collab-Canvas/collabcanvas/node_modules/react-dom/cjs/react-dom.development.js:26240:7)
          at ReactDOMRoot.Object.<anonymous>.ReactDOMHydrationRoot.unmount.ReactDOMRoot.unmount [as unmount] (/Users/mylessjs/Desktop/Collab-Canvas/collabcanvas/node_modules/react-dom/cjs/react-dom.development.js:29375:5)
          at Object.unmount (/Users/mylessjs/Desktop/Collab-Canvas/collabcanvas/node_modules/@testing-library/react/dist/pure.js:164:12)
          at /Users/mylessjs/Desktop/Collab-Canvas/collabcanvas/node_modules/@testing-library/react/dist/pure.js:308:12
          at /Users/mylessjs/Desktop/Collab-Canvas/collabcanvas/node_modules/@testing-library/react/dist/act-compat.js:48:24
          at act (/Users/mylessjs/Desktop/Collab-Canvas/collabcanvas/node_modules/react/cjs/react.development.js:2512:16)
          at /Users/mylessjs/Desktop/Collab-Canvas/collabcanvas/node_modules/@testing-library/react/dist/act-compat.js:47:25
          at /Users/mylessjs/Desktop/Collab-Canvas/collabcanvas/node_modules/@testing-library/react/dist/pure.js:307:28
          at Array.forEach (<anonymous>)
          at cleanup (/Users/mylessjs/Desktop/Collab-Canvas/collabcanvas/node_modules/@testing-library/react/dist/pure.js:303:22)
          at Object.<anonymous> (/Users/mylessjs/Desktop/Collab-Canvas/collabcanvas/node_modules/@testing-library/react/dist/index.js:28:25)
          at Promise.then.completed (/Users/mylessjs/Desktop/Collab-Canvas/collabcanvas/node_modules/jest-circus/build/utils.js:391:28)
          at new Promise (<anonymous>)
          at callAsyncCircusFn (/Users/mylessjs/Desktop/Collab-Canvas/collabcanvas/node_modules/jest-circus/build/utils.js:316:10)
          at _callCircusHook (/Users/mylessjs/Desktop/Collab-Canvas/collabcanvas/node_modules/jest-circus/build/run.js:181:40)
          at _runTest (/Users/mylessjs/Desktop/Collab-Canvas/collabcanvas/node_modules/jest-circus/build/run.js:158:5)
          at _runTestsForDescribeBlock (/Users/mylessjs/Desktop/Collab-Canvas/collabcanvas/node_modules/jest-circus/build/run.js:66:9)
          at _runTestsForDescribeBlock (/Users/mylessjs/Desktop/Collab-Canvas/collabcanvas/node_modules/jest-circus/build/run.js:60:9)
          at run (/Users/mylessjs/Desktop/Collab-Canvas/collabcanvas/node_modules/jest-circus/build/run.js:25:3)
          at runAndTransformResultsToJestFormat (/Users/mylessjs/Desktop/Collab-Canvas/collabcanvas/node_modules/jest-circus/build/legacy-code-todo-rewrite/jestAdapterInit.js:170:21)
          at jestAdapter (/Users/mylessjs/Desktop/Collab-Canvas/collabcanvas/node_modules/jest-circus/build/legacy-code-todo-rewrite/jestAdapter.js:82:19)
          at runTestInternal (/Users/mylessjs/Desktop/Collab-Canvas/collabcanvas/node_modules/jest-runner/build/runTest.js:389:16)
          at runTest (/Users/mylessjs/Desktop/Collab-Canvas/collabcanvas/node_modules/jest-runner/build/runTest.js:475:34)
          at Object.worker (/Users/mylessjs/Desktop/Collab-Canvas/collabcanvas/node_modules/jest-runner/build/testWorker.js:133:12)

      at VirtualConsole.<anonymous> (node_modules/jsdom/lib/jsdom/virtual-console.js:29:45)
      at reportException (node_modules/jsdom/lib/jsdom/living/helpers/runtime-script-errors.js:70:28)
      at innerInvokeEventListeners (node_modules/jsdom/lib/jsdom/living/events/EventTarget-impl.js:341:9)
      at invokeEventListeners (node_modules/jsdom/lib/jsdom/living/events/EventTarget-impl.js:274:3)
      at HTMLUnknownElementImpl._dispatch (node_modules/jsdom/lib/jsdom/living/events/EventTarget-impl.js:221:9)
      at HTMLUnknownElementImpl.dispatchEvent (node_modules/jsdom/lib/jsdom/living/events/EventTarget-impl.js:94:17)
      at HTMLUnknownElement.dispatchEvent (node_modules/jsdom/lib/jsdom/living/generated/EventTarget.js:231:34)
      at Object.invokeGuardedCallbackDev (node_modules/react-dom/cjs/react-dom.development.js:4213:16)
      at invokeGuardedCallback (node_modules/react-dom/cjs/react-dom.development.js:4277:31)
      at reportUncaughtErrorInDEV (node_modules/react-dom/cjs/react-dom.development.js:22877:5)
      at captureCommitPhaseError (node_modules/react-dom/cjs/react-dom.development.js:27165:5)
      at safelyCallDestroy (node_modules/react-dom/cjs/react-dom.development.js:22973:5)
      at commitHookEffectListUnmount (node_modules/react-dom/cjs/react-dom.development.js:23139:11)
      at commitPassiveUnmountInsideDeletedTreeOnFiber (node_modules/react-dom/cjs/react-dom.development.js:25140:11)
      at commitPassiveUnmountEffectsInsideOfDeletedTree_begin (node_modules/react-dom/cjs/react-dom.development.js:25087:5)
      at commitPassiveUnmountEffects_begin (node_modules/react-dom/cjs/react-dom.development.js:24995:11)
      at commitPassiveUnmountEffects (node_modules/react-dom/cjs/react-dom.development.js:24980:3)
      at flushPassiveEffectsImpl (node_modules/react-dom/cjs/react-dom.development.js:27077:3)
      at flushPassiveEffects (node_modules/react-dom/cjs/react-dom.development.js:27023:14)
      at commitRootImpl (node_modules/react-dom/cjs/react-dom.development.js:26974:5)
      at commitRoot (node_modules/react-dom/cjs/react-dom.development.js:26721:5)
      at performSyncWorkOnRoot (node_modules/react-dom/cjs/react-dom.development.js:26156:3)
      at flushSyncCallbacks (node_modules/react-dom/cjs/react-dom.development.js:12042:22)
      at flushSync (node_modules/react-dom/cjs/react-dom.development.js:26240:7)
      at ReactDOMRoot.Object.<anonymous>.ReactDOMHydrationRoot.unmount.ReactDOMRoot.unmount [as unmount] (node_modules/react-dom/cjs/react-dom.development.js:29375:5)
      at Object.unmount (node_modules/@testing-library/react/dist/pure.js:164:12)
      at node_modules/@testing-library/react/dist/pure.js:308:12
      at node_modules/@testing-library/react/dist/act-compat.js:48:24
      at act (node_modules/react/cjs/react.development.js:2512:16)
      at node_modules/@testing-library/react/dist/act-compat.js:47:25
      at node_modules/@testing-library/react/dist/pure.js:307:28
          at Array.forEach (<anonymous>)
      at cleanup (node_modules/@testing-library/react/dist/pure.js:303:22)
      at Object.<anonymous> (node_modules/@testing-library/react/dist/index.js:28:25)

    console.error
      The above error occurred in the <AuthProvider> component:
      
          at AuthProvider (/Users/mylessjs/Desktop/Collab-Canvas/collabcanvas/src/context/AuthContext.tsx:24:61)
      
      Consider adding an error boundary to your tree to customize error handling behavior.
      Visit https://reactjs.org/link/error-boundaries to learn more about error boundaries.

      at logCapturedError (node_modules/react-dom/cjs/react-dom.development.js:18704:23)
      at update.callback (node_modules/react-dom/cjs/react-dom.development.js:18737:5)
      at callCallback (node_modules/react-dom/cjs/react-dom.development.js:15036:12)
      at commitUpdateQueue (node_modules/react-dom/cjs/react-dom.development.js:15057:9)
      at commitLayoutEffectOnFiber (node_modules/react-dom/cjs/react-dom.development.js:23430:13)
      at commitLayoutMountEffects_complete (node_modules/react-dom/cjs/react-dom.development.js:24727:9)
      at commitLayoutEffects_begin (node_modules/react-dom/cjs/react-dom.development.js:24713:7)
      at commitLayoutEffects (node_modules/react-dom/cjs/react-dom.development.js:24651:3)
      at commitRootImpl (node_modules/react-dom/cjs/react-dom.development.js:26862:5)
      at commitRoot (node_modules/react-dom/cjs/react-dom.development.js:26721:5)
      at performSyncWorkOnRoot (node_modules/react-dom/cjs/react-dom.development.js:26156:3)
      at flushSyncCallbacks (node_modules/react-dom/cjs/react-dom.development.js:12042:22)
      at flushSync (node_modules/react-dom/cjs/react-dom.development.js:26240:7)
      at ReactDOMRoot.Object.<anonymous>.ReactDOMHydrationRoot.unmount.ReactDOMRoot.unmount [as unmount] (node_modules/react-dom/cjs/react-dom.development.js:29375:5)
      at Object.unmount (node_modules/@testing-library/react/dist/pure.js:164:12)
      at node_modules/@testing-library/react/dist/pure.js:308:12
      at node_modules/@testing-library/react/dist/act-compat.js:48:24
      at act (node_modules/react/cjs/react.development.js:2512:16)
      at node_modules/@testing-library/react/dist/act-compat.js:47:25
      at node_modules/@testing-library/react/dist/pure.js:307:28
          at Array.forEach (<anonymous>)
      at cleanup (node_modules/@testing-library/react/dist/pure.js:303:22)
      at Object.<anonymous> (node_modules/@testing-library/react/dist/index.js:28:25)

    console.error
      Error: Uncaught [TypeError: unsubscribe is not a function]
          at reportException (/Users/mylessjs/Desktop/Collab-Canvas/collabcanvas/node_modules/jsdom/lib/jsdom/living/helpers/runtime-script-errors.js:66:24)
          at innerInvokeEventListeners (/Users/mylessjs/Desktop/Collab-Canvas/collabcanvas/node_modules/jsdom/lib/jsdom/living/events/EventTarget-impl.js:341:9)
          at invokeEventListeners (/Users/mylessjs/Desktop/Collab-Canvas/collabcanvas/node_modules/jsdom/lib/jsdom/living/events/EventTarget-impl.js:274:3)
          at HTMLUnknownElementImpl._dispatch (/Users/mylessjs/Desktop/Collab-Canvas/collabcanvas/node_modules/jsdom/lib/jsdom/living/events/EventTarget-impl.js:221:9)
          at HTMLUnknownElementImpl.dispatchEvent (/Users/mylessjs/Desktop/Collab-Canvas/collabcanvas/node_modules/jsdom/lib/jsdom/living/events/EventTarget-impl.js:94:17)
          at HTMLUnknownElement.dispatchEvent (/Users/mylessjs/Desktop/Collab-Canvas/collabcanvas/node_modules/jsdom/lib/jsdom/living/generated/EventTarget.js:231:34)
          at Object.invokeGuardedCallbackDev (/Users/mylessjs/Desktop/Collab-Canvas/collabcanvas/node_modules/react-dom/cjs/react-dom.development.js:4213:16)
          at invokeGuardedCallback (/Users/mylessjs/Desktop/Collab-Canvas/collabcanvas/node_modules/react-dom/cjs/react-dom.development.js:4277:31)
          at reportUncaughtErrorInDEV (/Users/mylessjs/Desktop/Collab-Canvas/collabcanvas/node_modules/react-dom/cjs/react-dom.development.js:22877:5)
          at captureCommitPhaseError (/Users/mylessjs/Desktop/Collab-Canvas/collabcanvas/node_modules/react-dom/cjs/react-dom.development.js:27165:5)
          at safelyCallDestroy (/Users/mylessjs/Desktop/Collab-Canvas/collabcanvas/node_modules/react-dom/cjs/react-dom.development.js:22973:5)
          at commitHookEffectListUnmount (/Users/mylessjs/Desktop/Collab-Canvas/collabcanvas/node_modules/react-dom/cjs/react-dom.development.js:23139:11)
          at commitPassiveUnmountInsideDeletedTreeOnFiber (/Users/mylessjs/Desktop/Collab-Canvas/collabcanvas/node_modules/react-dom/cjs/react-dom.development.js:25140:11)
          at commitPassiveUnmountEffectsInsideOfDeletedTree_begin (/Users/mylessjs/Desktop/Collab-Canvas/collabcanvas/node_modules/react-dom/cjs/react-dom.development.js:25087:5)
          at commitPassiveUnmountEffects_begin (/Users/mylessjs/Desktop/Collab-Canvas/collabcanvas/node_modules/react-dom/cjs/react-dom.development.js:24995:11)
          at commitPassiveUnmountEffects (/Users/mylessjs/Desktop/Collab-Canvas/collabcanvas/node_modules/react-dom/cjs/react-dom.development.js:24980:3)
          at flushPassiveEffectsImpl (/Users/mylessjs/Desktop/Collab-Canvas/collabcanvas/node_modules/react-dom/cjs/react-dom.development.js:27077:3)
          at flushPassiveEffects (/Users/mylessjs/Desktop/Collab-Canvas/collabcanvas/node_modules/react-dom/cjs/react-dom.development.js:27023:14)
          at commitRootImpl (/Users/mylessjs/Desktop/Collab-Canvas/collabcanvas/node_modules/react-dom/cjs/react-dom.development.js:26974:5)
          at commitRoot (/Users/mylessjs/Desktop/Collab-Canvas/collabcanvas/node_modules/react-dom/cjs/react-dom.development.js:26721:5)
          at performSyncWorkOnRoot (/Users/mylessjs/Desktop/Collab-Canvas/collabcanvas/node_modules/react-dom/cjs/react-dom.development.js:26156:3)
          at flushSyncCallbacks (/Users/mylessjs/Desktop/Collab-Canvas/collabcanvas/node_modules/react-dom/cjs/react-dom.development.js:12042:22)
          at flushSync (/Users/mylessjs/Desktop/Collab-Canvas/collabcanvas/node_modules/react-dom/cjs/react-dom.development.js:26240:7)
          at ReactDOMRoot.Object.<anonymous>.ReactDOMHydrationRoot.unmount.ReactDOMRoot.unmount [as unmount] (/Users/mylessjs/Desktop/Collab-Canvas/collabcanvas/node_modules/react-dom/cjs/react-dom.development.js:29375:5)
          at Object.unmount (/Users/mylessjs/Desktop/Collab-Canvas/collabcanvas/node_modules/@testing-library/react/dist/pure.js:164:12)
          at /Users/mylessjs/Desktop/Collab-Canvas/collabcanvas/node_modules/@testing-library/react/dist/pure.js:308:12
          at /Users/mylessjs/Desktop/Collab-Canvas/collabcanvas/node_modules/@testing-library/react/dist/act-compat.js:48:24
          at act (/Users/mylessjs/Desktop/Collab-Canvas/collabcanvas/node_modules/react/cjs/react.development.js:2512:16)
          at /Users/mylessjs/Desktop/Collab-Canvas/collabcanvas/node_modules/@testing-library/react/dist/act-compat.js:47:25
          at /Users/mylessjs/Desktop/Collab-Canvas/collabcanvas/node_modules/@testing-library/react/dist/pure.js:307:28
          at Array.forEach (<anonymous>)
          at cleanup (/Users/mylessjs/Desktop/Collab-Canvas/collabcanvas/node_modules/@testing-library/react/dist/pure.js:303:22)
          at Object.<anonymous> (/Users/mylessjs/Desktop/Collab-Canvas/collabcanvas/node_modules/@testing-library/react/dist/index.js:28:25)
          at Promise.then.completed (/Users/mylessjs/Desktop/Collab-Canvas/collabcanvas/node_modules/jest-circus/build/utils.js:391:28)
          at new Promise (<anonymous>)
          at callAsyncCircusFn (/Users/mylessjs/Desktop/Collab-Canvas/collabcanvas/node_modules/jest-circus/build/utils.js:316:10)
          at _callCircusHook (/Users/mylessjs/Desktop/Collab-Canvas/collabcanvas/node_modules/jest-circus/build/run.js:181:40)
          at _runTest (/Users/mylessjs/Desktop/Collab-Canvas/collabcanvas/node_modules/jest-circus/build/run.js:158:5)
          at _runTestsForDescribeBlock (/Users/mylessjs/Desktop/Collab-Canvas/collabcanvas/node_modules/jest-circus/build/run.js:66:9)
          at _runTestsForDescribeBlock (/Users/mylessjs/Desktop/Collab-Canvas/collabcanvas/node_modules/jest-circus/build/run.js:60:9)
          at run (/Users/mylessjs/Desktop/Collab-Canvas/collabcanvas/node_modules/jest-circus/build/run.js:25:3)
          at runAndTransformResultsToJestFormat (/Users/mylessjs/Desktop/Collab-Canvas/collabcanvas/node_modules/jest-circus/build/legacy-code-todo-rewrite/jestAdapterInit.js:170:21)
          at jestAdapter (/Users/mylessjs/Desktop/Collab-Canvas/collabcanvas/node_modules/jest-circus/build/legacy-code-todo-rewrite/jestAdapter.js:82:19)
          at runTestInternal (/Users/mylessjs/Desktop/Collab-Canvas/collabcanvas/node_modules/jest-runner/build/runTest.js:389:16)
          at runTest (/Users/mylessjs/Desktop/Collab-Canvas/collabcanvas/node_modules/jest-runner/build/runTest.js:475:34)
          at Object.worker (/Users/mylessjs/Desktop/Collab-Canvas/collabcanvas/node_modules/jest-runner/build/testWorker.js:133:12) TypeError: unsubscribe is not a function
          at /Users/mylessjs/Desktop/Collab-Canvas/collabcanvas/src/context/AuthContext.tsx:48:18
          at safelyCallDestroy (/Users/mylessjs/Desktop/Collab-Canvas/collabcanvas/node_modules/react-dom/cjs/react-dom.development.js:22971:5)
          at commitHookEffectListUnmount (/Users/mylessjs/Desktop/Collab-Canvas/collabcanvas/node_modules/react-dom/cjs/react-dom.development.js:23139:11)
          at commitPassiveUnmountInsideDeletedTreeOnFiber (/Users/mylessjs/Desktop/Collab-Canvas/collabcanvas/node_modules/react-dom/cjs/react-dom.development.js:25140:11)
          at commitPassiveUnmountEffectsInsideOfDeletedTree_begin (/Users/mylessjs/Desktop/Collab-Canvas/collabcanvas/node_modules/react-dom/cjs/react-dom.development.js:25087:5)
          at commitPassiveUnmountEffects_begin (/Users/mylessjs/Desktop/Collab-Canvas/collabcanvas/node_modules/react-dom/cjs/react-dom.development.js:24995:11)
          at commitPassiveUnmountEffects (/Users/mylessjs/Desktop/Collab-Canvas/collabcanvas/node_modules/react-dom/cjs/react-dom.development.js:24980:3)
          at flushPassiveEffectsImpl (/Users/mylessjs/Desktop/Collab-Canvas/collabcanvas/node_modules/react-dom/cjs/react-dom.development.js:27077:3)
          at flushPassiveEffects (/Users/mylessjs/Desktop/Collab-Canvas/collabcanvas/node_modules/react-dom/cjs/react-dom.development.js:27023:14)
          at commitRootImpl (/Users/mylessjs/Desktop/Collab-Canvas/collabcanvas/node_modules/react-dom/cjs/react-dom.development.js:26974:5)
          at commitRoot (/Users/mylessjs/Desktop/Collab-Canvas/collabcanvas/node_modules/react-dom/cjs/react-dom.development.js:26721:5)
          at performSyncWorkOnRoot (/Users/mylessjs/Desktop/Collab-Canvas/collabcanvas/node_modules/react-dom/cjs/react-dom.development.js:26156:3)
          at flushSyncCallbacks (/Users/mylessjs/Desktop/Collab-Canvas/collabcanvas/node_modules/react-dom/cjs/react-dom.development.js:12042:22)
          at flushSync (/Users/mylessjs/Desktop/Collab-Canvas/collabcanvas/node_modules/react-dom/cjs/react-dom.development.js:26240:7)
          at ReactDOMRoot.Object.<anonymous>.ReactDOMHydrationRoot.unmount.ReactDOMRoot.unmount [as unmount] (/Users/mylessjs/Desktop/Collab-Canvas/collabcanvas/node_modules/react-dom/cjs/react-dom.development.js:29375:5)
          at Object.unmount (/Users/mylessjs/Desktop/Collab-Canvas/collabcanvas/node_modules/@testing-library/react/dist/pure.js:164:12)
          at /Users/mylessjs/Desktop/Collab-Canvas/collabcanvas/node_modules/@testing-library/react/dist/pure.js:308:12
          at /Users/mylessjs/Desktop/Collab-Canvas/collabcanvas/node_modules/@testing-library/react/dist/act-compat.js:48:24
          at act (/Users/mylessjs/Desktop/Collab-Canvas/collabcanvas/node_modules/react/cjs/react.development.js:2512:16)
          at /Users/mylessjs/Desktop/Collab-Canvas/collabcanvas/node_modules/@testing-library/react/dist/act-compat.js:47:25
          at /Users/mylessjs/Desktop/Collab-Canvas/collabcanvas/node_modules/@testing-library/react/dist/pure.js:307:28
          at Array.forEach (<anonymous>)
          at cleanup (/Users/mylessjs/Desktop/Collab-Canvas/collabcanvas/node_modules/@testing-library/react/dist/pure.js:303:22)
          at Object.<anonymous> (/Users/mylessjs/Desktop/Collab-Canvas/collabcanvas/node_modules/@testing-library/react/dist/index.js:28:25)
          at Promise.then.completed (/Users/mylessjs/Desktop/Collab-Canvas/collabcanvas/node_modules/jest-circus/build/utils.js:391:28)
          at new Promise (<anonymous>)
          at callAsyncCircusFn (/Users/mylessjs/Desktop/Collab-Canvas/collabcanvas/node_modules/jest-circus/build/utils.js:316:10)
          at _callCircusHook (/Users/mylessjs/Desktop/Collab-Canvas/collabcanvas/node_modules/jest-circus/build/run.js:181:40)
          at _runTest (/Users/mylessjs/Desktop/Collab-Canvas/collabcanvas/node_modules/jest-circus/build/run.js:158:5)
          at _runTestsForDescribeBlock (/Users/mylessjs/Desktop/Collab-Canvas/collabcanvas/node_modules/jest-circus/build/run.js:66:9)
          at _runTestsForDescribeBlock (/Users/mylessjs/Desktop/Collab-Canvas/collabcanvas/node_modules/jest-circus/build/run.js:60:9)
          at run (/Users/mylessjs/Desktop/Collab-Canvas/collabcanvas/node_modules/jest-circus/build/run.js:25:3)
          at runAndTransformResultsToJestFormat (/Users/mylessjs/Desktop/Collab-Canvas/collabcanvas/node_modules/jest-circus/build/legacy-code-todo-rewrite/jestAdapterInit.js:170:21)
          at jestAdapter (/Users/mylessjs/Desktop/Collab-Canvas/collabcanvas/node_modules/jest-circus/build/legacy-code-todo-rewrite/jestAdapter.js:82:19)
          at runTestInternal (/Users/mylessjs/Desktop/Collab-Canvas/collabcanvas/node_modules/jest-runner/build/runTest.js:389:16)
          at runTest (/Users/mylessjs/Desktop/Collab-Canvas/collabcanvas/node_modules/jest-runner/build/runTest.js:475:34)
          at Object.worker (/Users/mylessjs/Desktop/Collab-Canvas/collabcanvas/node_modules/jest-runner/build/testWorker.js:133:12)

      at VirtualConsole.<anonymous> (node_modules/jsdom/lib/jsdom/virtual-console.js:29:45)
      at reportException (node_modules/jsdom/lib/jsdom/living/helpers/runtime-script-errors.js:70:28)
      at innerInvokeEventListeners (node_modules/jsdom/lib/jsdom/living/events/EventTarget-impl.js:341:9)
      at invokeEventListeners (node_modules/jsdom/lib/jsdom/living/events/EventTarget-impl.js:274:3)
      at HTMLUnknownElementImpl._dispatch (node_modules/jsdom/lib/jsdom/living/events/EventTarget-impl.js:221:9)
      at HTMLUnknownElementImpl.dispatchEvent (node_modules/jsdom/lib/jsdom/living/events/EventTarget-impl.js:94:17)
      at HTMLUnknownElement.dispatchEvent (node_modules/jsdom/lib/jsdom/living/generated/EventTarget.js:231:34)
      at Object.invokeGuardedCallbackDev (node_modules/react-dom/cjs/react-dom.development.js:4213:16)
      at invokeGuardedCallback (node_modules/react-dom/cjs/react-dom.development.js:4277:31)
      at reportUncaughtErrorInDEV (node_modules/react-dom/cjs/react-dom.development.js:22877:5)
      at captureCommitPhaseError (node_modules/react-dom/cjs/react-dom.development.js:27165:5)
      at safelyCallDestroy (node_modules/react-dom/cjs/react-dom.development.js:22973:5)
      at commitHookEffectListUnmount (node_modules/react-dom/cjs/react-dom.development.js:23139:11)
      at commitPassiveUnmountInsideDeletedTreeOnFiber (node_modules/react-dom/cjs/react-dom.development.js:25140:11)
      at commitPassiveUnmountEffectsInsideOfDeletedTree_begin (node_modules/react-dom/cjs/react-dom.development.js:25087:5)
      at commitPassiveUnmountEffects_begin (node_modules/react-dom/cjs/react-dom.development.js:24995:11)
      at commitPassiveUnmountEffects (node_modules/react-dom/cjs/react-dom.development.js:24980:3)
      at flushPassiveEffectsImpl (node_modules/react-dom/cjs/react-dom.development.js:27077:3)
      at flushPassiveEffects (node_modules/react-dom/cjs/react-dom.development.js:27023:14)
      at commitRootImpl (node_modules/react-dom/cjs/react-dom.development.js:26974:5)
      at commitRoot (node_modules/react-dom/cjs/react-dom.development.js:26721:5)
      at performSyncWorkOnRoot (node_modules/react-dom/cjs/react-dom.development.js:26156:3)
      at flushSyncCallbacks (node_modules/react-dom/cjs/react-dom.development.js:12042:22)
      at flushSync (node_modules/react-dom/cjs/react-dom.development.js:26240:7)
      at ReactDOMRoot.Object.<anonymous>.ReactDOMHydrationRoot.unmount.ReactDOMRoot.unmount [as unmount] (node_modules/react-dom/cjs/react-dom.development.js:29375:5)
      at Object.unmount (node_modules/@testing-library/react/dist/pure.js:164:12)
      at node_modules/@testing-library/react/dist/pure.js:308:12
      at node_modules/@testing-library/react/dist/act-compat.js:48:24
      at act (node_modules/react/cjs/react.development.js:2512:16)
      at node_modules/@testing-library/react/dist/act-compat.js:47:25
      at node_modules/@testing-library/react/dist/pure.js:307:28
          at Array.forEach (<anonymous>)
      at cleanup (node_modules/@testing-library/react/dist/pure.js:303:22)
      at Object.<anonymous> (node_modules/@testing-library/react/dist/index.js:28:25)

    console.error
      The above error occurred in the <AuthProvider> component:
      
          at AuthProvider (/Users/mylessjs/Desktop/Collab-Canvas/collabcanvas/src/context/AuthContext.tsx:24:61)
      
      Consider adding an error boundary to your tree to customize error handling behavior.
      Visit https://reactjs.org/link/error-boundaries to learn more about error boundaries.

      at logCapturedError (node_modules/react-dom/cjs/react-dom.development.js:18704:23)
      at update.callback (node_modules/react-dom/cjs/react-dom.development.js:18737:5)
      at callCallback (node_modules/react-dom/cjs/react-dom.development.js:15036:12)
      at commitUpdateQueue (node_modules/react-dom/cjs/react-dom.development.js:15057:9)
      at commitLayoutEffectOnFiber (node_modules/react-dom/cjs/react-dom.development.js:23430:13)
      at commitLayoutMountEffects_complete (node_modules/react-dom/cjs/react-dom.development.js:24727:9)
      at commitLayoutEffects_begin (node_modules/react-dom/cjs/react-dom.development.js:24713:7)
      at commitLayoutEffects (node_modules/react-dom/cjs/react-dom.development.js:24651:3)
      at commitRootImpl (node_modules/react-dom/cjs/react-dom.development.js:26862:5)
      at commitRoot (node_modules/react-dom/cjs/react-dom.development.js:26721:5)
      at performSyncWorkOnRoot (node_modules/react-dom/cjs/react-dom.development.js:26156:3)
      at flushSyncCallbacks (node_modules/react-dom/cjs/react-dom.development.js:12042:22)
      at flushSync (node_modules/react-dom/cjs/react-dom.development.js:26240:7)
      at ReactDOMRoot.Object.<anonymous>.ReactDOMHydrationRoot.unmount.ReactDOMRoot.unmount [as unmount] (node_modules/react-dom/cjs/react-dom.development.js:29375:5)
      at Object.unmount (node_modules/@testing-library/react/dist/pure.js:164:12)
      at node_modules/@testing-library/react/dist/pure.js:308:12
      at node_modules/@testing-library/react/dist/act-compat.js:48:24
      at act (node_modules/react/cjs/react.development.js:2512:16)
      at node_modules/@testing-library/react/dist/act-compat.js:47:25
      at node_modules/@testing-library/react/dist/pure.js:307:28
          at Array.forEach (<anonymous>)
      at cleanup (node_modules/@testing-library/react/dist/pure.js:303:22)
      at Object.<anonymous> (node_modules/@testing-library/react/dist/index.js:28:25)

  ● UI Layout Integration › should render 3-column layout with all sections

    TypeError: unsubscribe is not a function

      46 |     });
      47 |
    > 48 |     return () => unsubscribe();
         |                  ^
      49 |   }, []);
      50 |
      51 |   const signUp = async (email: string, password: string): Promise<void> => {

      at src/context/AuthContext.tsx:48:18
      at safelyCallDestroy (node_modules/react-dom/cjs/react-dom.development.js:22971:5)
      at commitHookEffectListUnmount (node_modules/react-dom/cjs/react-dom.development.js:23139:11)
      at commitPassiveUnmountInsideDeletedTreeOnFiber (node_modules/react-dom/cjs/react-dom.development.js:25140:11)
      at commitPassiveUnmountEffectsInsideOfDeletedTree_begin (node_modules/react-dom/cjs/react-dom.development.js:25087:5)
      at commitPassiveUnmountEffects_begin (node_modules/react-dom/cjs/react-dom.development.js:24995:11)
      at commitPassiveUnmountEffects (node_modules/react-dom/cjs/react-dom.development.js:24980:3)
      at flushPassiveEffectsImpl (node_modules/react-dom/cjs/react-dom.development.js:27077:3)
      at flushPassiveEffects (node_modules/react-dom/cjs/react-dom.development.js:27023:14)
      at commitRootImpl (node_modules/react-dom/cjs/react-dom.development.js:26974:5)
      at commitRoot (node_modules/react-dom/cjs/react-dom.development.js:26721:5)
      at performSyncWorkOnRoot (node_modules/react-dom/cjs/react-dom.development.js:26156:3)
      at flushSyncCallbacks (node_modules/react-dom/cjs/react-dom.development.js:12042:22)
      at flushSync (node_modules/react-dom/cjs/react-dom.development.js:26240:7)
      at ReactDOMRoot.Object.<anonymous>.ReactDOMHydrationRoot.unmount.ReactDOMRoot.unmount [as unmount] (node_modules/react-dom/cjs/react-dom.development.js:29375:5)
      at Object.unmount (node_modules/@testing-library/react/dist/pure.js:164:12)
      at node_modules/@testing-library/react/dist/pure.js:308:12
      at node_modules/@testing-library/react/dist/act-compat.js:48:24
      at act (node_modules/react/cjs/react.development.js:2512:16)
      at node_modules/@testing-library/react/dist/act-compat.js:47:25
      at node_modules/@testing-library/react/dist/pure.js:307:28
          at Array.forEach (<anonymous>)
      at cleanup (node_modules/@testing-library/react/dist/pure.js:303:22)
      at Object.<anonymous> (node_modules/@testing-library/react/dist/index.js:28:25)

  ● UI Layout Integration › should display FPS counter in header when enabled

    TypeError: unsubscribe is not a function

      46 |     });
      47 |
    > 48 |     return () => unsubscribe();
         |                  ^
      49 |   }, []);
      50 |
      51 |   const signUp = async (email: string, password: string): Promise<void> => {

      at src/context/AuthContext.tsx:48:18
      at safelyCallDestroy (node_modules/react-dom/cjs/react-dom.development.js:22971:5)
      at commitHookEffectListUnmount (node_modules/react-dom/cjs/react-dom.development.js:23139:11)
      at commitPassiveUnmountInsideDeletedTreeOnFiber (node_modules/react-dom/cjs/react-dom.development.js:25140:11)
      at commitPassiveUnmountEffectsInsideOfDeletedTree_begin (node_modules/react-dom/cjs/react-dom.development.js:25087:5)
      at commitPassiveUnmountEffects_begin (node_modules/react-dom/cjs/react-dom.development.js:24995:11)
      at commitPassiveUnmountEffects (node_modules/react-dom/cjs/react-dom.development.js:24980:3)
      at flushPassiveEffectsImpl (node_modules/react-dom/cjs/react-dom.development.js:27077:3)
      at flushPassiveEffects (node_modules/react-dom/cjs/react-dom.development.js:27023:14)
      at commitRootImpl (node_modules/react-dom/cjs/react-dom.development.js:26974:5)
      at commitRoot (node_modules/react-dom/cjs/react-dom.development.js:26721:5)
      at performSyncWorkOnRoot (node_modules/react-dom/cjs/react-dom.development.js:26156:3)
      at flushSyncCallbacks (node_modules/react-dom/cjs/react-dom.development.js:12042:22)
      at flushSync (node_modules/react-dom/cjs/react-dom.development.js:26240:7)
      at ReactDOMRoot.Object.<anonymous>.ReactDOMHydrationRoot.unmount.ReactDOMRoot.unmount [as unmount] (node_modules/react-dom/cjs/react-dom.development.js:29375:5)
      at Object.unmount (node_modules/@testing-library/react/dist/pure.js:164:12)
      at node_modules/@testing-library/react/dist/pure.js:308:12
      at node_modules/@testing-library/react/dist/act-compat.js:48:24
      at act (node_modules/react/cjs/react.development.js:2512:16)
      at node_modules/@testing-library/react/dist/act-compat.js:47:25
      at node_modules/@testing-library/react/dist/pure.js:307:28
          at Array.forEach (<anonymous>)
      at cleanup (node_modules/@testing-library/react/dist/pure.js:303:22)
      at Object.<anonymous> (node_modules/@testing-library/react/dist/index.js:28:25)

  ● UI Layout Integration › should not display FPS counter when disabled

    TypeError: unsubscribe is not a function

      46 |     });
      47 |
    > 48 |     return () => unsubscribe();
         |                  ^
      49 |   }, []);
      50 |
      51 |   const signUp = async (email: string, password: string): Promise<void> => {

      at src/context/AuthContext.tsx:48:18
      at safelyCallDestroy (node_modules/react-dom/cjs/react-dom.development.js:22971:5)
      at commitHookEffectListUnmount (node_modules/react-dom/cjs/react-dom.development.js:23139:11)
      at commitPassiveUnmountInsideDeletedTreeOnFiber (node_modules/react-dom/cjs/react-dom.development.js:25140:11)
      at commitPassiveUnmountEffectsInsideOfDeletedTree_begin (node_modules/react-dom/cjs/react-dom.development.js:25087:5)
      at commitPassiveUnmountEffects_begin (node_modules/react-dom/cjs/react-dom.development.js:24995:11)
      at commitPassiveUnmountEffects (node_modules/react-dom/cjs/react-dom.development.js:24980:3)
      at flushPassiveEffectsImpl (node_modules/react-dom/cjs/react-dom.development.js:27077:3)
      at flushPassiveEffects (node_modules/react-dom/cjs/react-dom.development.js:27023:14)
      at commitRootImpl (node_modules/react-dom/cjs/react-dom.development.js:26974:5)
      at commitRoot (node_modules/react-dom/cjs/react-dom.development.js:26721:5)
      at performSyncWorkOnRoot (node_modules/react-dom/cjs/react-dom.development.js:26156:3)
      at flushSyncCallbacks (node_modules/react-dom/cjs/react-dom.development.js:12042:22)
      at flushSync (node_modules/react-dom/cjs/react-dom.development.js:26240:7)
      at ReactDOMRoot.Object.<anonymous>.ReactDOMHydrationRoot.unmount.ReactDOMRoot.unmount [as unmount] (node_modules/react-dom/cjs/react-dom.development.js:29375:5)
      at Object.unmount (node_modules/@testing-library/react/dist/pure.js:164:12)
      at node_modules/@testing-library/react/dist/pure.js:308:12
      at node_modules/@testing-library/react/dist/act-compat.js:48:24
      at act (node_modules/react/cjs/react.development.js:2512:16)
      at node_modules/@testing-library/react/dist/act-compat.js:47:25
      at node_modules/@testing-library/react/dist/pure.js:307:28
          at Array.forEach (<anonymous>)
      at cleanup (node_modules/@testing-library/react/dist/pure.js:303:22)
      at Object.<anonymous> (node_modules/@testing-library/react/dist/index.js:28:25)

  ● UI Layout Integration › should display user email in header

    Unable to find an element with the text: test@example.com. This could be because the text is broken up by multiple elements. In this case, you can provide a function for your text matcher to make your matcher more flexible.

    Ignored nodes: comments, script, style
    [36m<body>[39m
      [36m<div />[39m
      [36m<div>[39m
        [36m<div[39m
          [33mclass[39m=[32m"flex flex-col h-screen bg-gray-100"[39m
        [36m>[39m
          [36m<div[39m
            [33mclass[39m=[32m"flex-none"[39m
          [36m>[39m
            [36m<header[39m
              [33mclass[39m=[32m"bg-white border-b border-gray-200 shadow-sm"[39m
            [36m>[39m
              [36m<div[39m
                [33mclass[39m=[32m"flex items-center justify-between h-14 px-6"[39m
              [36m>[39m
                [36m<div[39m
                  [33mclass[39m=[32m"flex items-center space-x-4"[39m
                [36m>[39m
                  [36m<h1[39m
                    [33mclass[39m=[32m"text-xl font-bold text-gray-900"[39m
                  [36m>[39m
                    [0mCollabCanvas[0m
                  [36m</h1>[39m
                  [36m<span[39m
                    [33mclass[39m=[32m"text-sm text-gray-500"[39m
                  [36m>[39m
                    [0m|[0m
                  [36m</span>[39m
                  [36m<span[39m
                    [33mclass[39m=[32m"text-sm text-gray-600"[39m
                  [36m/>[39m
                [36m</div>[39m
                [36m<div[39m
                  [33mclass[39m=[32m"flex items-center space-x-4"[39m
                [36m>[39m
                  [36m<div[39m
                    [33mclass[39m=[32m"flex items-center space-x-2"[39m
                  [36m>[39m
                    [36m<span[39m
                      [33mclass[39m=[32m"text-xs font-mono text-gray-500"[39m
                    [36m>[39m
                      [0mFPS:[0m
                    [36m</span>[39m
                    [36m<span[39m
                      [33mclass[39m=[32m"text-sm font-mono font-semibold text-green-600"[39m
                    [36m>[39m
                      [0m60[0m
                    [36m</span>[39m
                  [36m</div>[39m
                  [36m<button[39m
                    [33mclass[39m=[32m"px-4 py-1.5 text-sm font-medium text-gray-700 bg-gray-100 hover:bg-gray-200 rounded-md transition"[39m
                  [36m>[39m
                    [0mSign Out[0m
                  [36m</button>[39m
                [36m</div>[39m
              [36m</div>[39m
            [36m</header>[39m
          [36m</div>[39m
          [36m<div[39m
            [33mclass[39m=[32m"flex flex-1 overflow-hidden"[39m
          [36m>[39m
            [36m<div[39m
              [33mclass[39m=[32m"flex-none w-16 bg-white border-r border-gray-200 shadow-sm"[39m
            [36m>[39m
              [36m<div[39m
                [33mdata-testid[39m=[32m"toolbar"[39m
              [36m>[39m
                [0mToolbar[0m
              [36m</div>[39m
            [36m</div>[39m
            [36m<div[39m
              [33mclass[39m=[32m"flex-1 bg-gray-50 overflow-hidden relative"[39m
            [36m>[39m
              [36m<div[39m
                [33mclass[39m=[32m"relative w-full h-full"[39m
              [36m>[39m
                [36m<div[39m
                  [33mdata-testid[39m=[32m"konva-stage"[39m
                [36m>[39m
                  [36m<div[39m
                    [33mdata-testid[39m=[32m"konva-layer"[39m
                  [36m>[39m
                    [36m<div[39m
                      [33mdata-testid[39m=[32m"konva-rect"[39m
                    [36m/>[39m
                  [36m</div>[39m
                [36m</div>[39m
                [36m<div[39m
                  [33mclass[39m=[32m"absolute bottom-4 left-4 bg-black bg-opacity-70 text-white px-3 py-1.5 rounded-md text-sm font-mono"[39m
                [36m>[39m
                  [0m100[0m
                  [0m%[0m
                [36m</div>[39m
              [36m</div>[39m
            [36m</div>[39m
            [36m<div[39m
              [33mclass[39m=[32m"flex-none w-72 bg-white border-l border-gray-200 shadow-sm overflow-y-auto"[39m
            [36m>[39m
              [36m<div[39m
                [33mdata-testid[39m=[32m"properties"[39m
              [36m>[39m
                [0mProperties[0m
              [36m</div>[39m
            [36m</div>[39m
          [36m</div>[39m
        [36m</div>[39m
      [36m</div>[39m
    [36m</body>[39m

      137 |     );
      138 |
    > 139 |     await waitFor(() => {
          |                  ^
      140 |       expect(screen.getByText('test@example.com')).toBeInTheDocument();
      141 |     });
      142 |   });

      at waitForWrapper (node_modules/@testing-library/dom/dist/wait-for.js:163:27)
      at Object.<anonymous> (src/__tests__/ui-layout.integration.test.tsx:139:18)

  ● UI Layout Integration › should display user email in header

    TypeError: unsubscribe is not a function

      46 |     });
      47 |
    > 48 |     return () => unsubscribe();
         |                  ^
      49 |   }, []);
      50 |
      51 |   const signUp = async (email: string, password: string): Promise<void> => {

      at src/context/AuthContext.tsx:48:18
      at safelyCallDestroy (node_modules/react-dom/cjs/react-dom.development.js:22971:5)
      at commitHookEffectListUnmount (node_modules/react-dom/cjs/react-dom.development.js:23139:11)
      at commitPassiveUnmountInsideDeletedTreeOnFiber (node_modules/react-dom/cjs/react-dom.development.js:25140:11)
      at commitPassiveUnmountEffectsInsideOfDeletedTree_begin (node_modules/react-dom/cjs/react-dom.development.js:25087:5)
      at commitPassiveUnmountEffects_begin (node_modules/react-dom/cjs/react-dom.development.js:24995:11)
      at commitPassiveUnmountEffects (node_modules/react-dom/cjs/react-dom.development.js:24980:3)
      at flushPassiveEffectsImpl (node_modules/react-dom/cjs/react-dom.development.js:27077:3)
      at flushPassiveEffects (node_modules/react-dom/cjs/react-dom.development.js:27023:14)
      at commitRootImpl (node_modules/react-dom/cjs/react-dom.development.js:26974:5)
      at commitRoot (node_modules/react-dom/cjs/react-dom.development.js:26721:5)
      at performSyncWorkOnRoot (node_modules/react-dom/cjs/react-dom.development.js:26156:3)
      at flushSyncCallbacks (node_modules/react-dom/cjs/react-dom.development.js:12042:22)
      at flushSync (node_modules/react-dom/cjs/react-dom.development.js:26240:7)
      at ReactDOMRoot.Object.<anonymous>.ReactDOMHydrationRoot.unmount.ReactDOMRoot.unmount [as unmount] (node_modules/react-dom/cjs/react-dom.development.js:29375:5)
      at Object.unmount (node_modules/@testing-library/react/dist/pure.js:164:12)
      at node_modules/@testing-library/react/dist/pure.js:308:12
      at node_modules/@testing-library/react/dist/act-compat.js:48:24
      at act (node_modules/react/cjs/react.development.js:2512:16)
      at node_modules/@testing-library/react/dist/act-compat.js:47:25
      at node_modules/@testing-library/react/dist/pure.js:307:28
          at Array.forEach (<anonymous>)
      at cleanup (node_modules/@testing-library/react/dist/pure.js:303:22)
      at Object.<anonymous> (node_modules/@testing-library/react/dist/index.js:28:25)

  ● UI Layout Integration › should have proper layout structure

    TypeError: unsubscribe is not a function

      46 |     });
      47 |
    > 48 |     return () => unsubscribe();
         |                  ^
      49 |   }, []);
      50 |
      51 |   const signUp = async (email: string, password: string): Promise<void> => {

      at src/context/AuthContext.tsx:48:18
      at safelyCallDestroy (node_modules/react-dom/cjs/react-dom.development.js:22971:5)
      at commitHookEffectListUnmount (node_modules/react-dom/cjs/react-dom.development.js:23139:11)
      at commitPassiveUnmountInsideDeletedTreeOnFiber (node_modules/react-dom/cjs/react-dom.development.js:25140:11)
      at commitPassiveUnmountEffectsInsideOfDeletedTree_begin (node_modules/react-dom/cjs/react-dom.development.js:25087:5)
      at commitPassiveUnmountEffects_begin (node_modules/react-dom/cjs/react-dom.development.js:24995:11)
      at commitPassiveUnmountEffects (node_modules/react-dom/cjs/react-dom.development.js:24980:3)
      at flushPassiveEffectsImpl (node_modules/react-dom/cjs/react-dom.development.js:27077:3)
      at flushPassiveEffects (node_modules/react-dom/cjs/react-dom.development.js:27023:14)
      at commitRootImpl (node_modules/react-dom/cjs/react-dom.development.js:26974:5)
      at commitRoot (node_modules/react-dom/cjs/react-dom.development.js:26721:5)
      at performSyncWorkOnRoot (node_modules/react-dom/cjs/react-dom.development.js:26156:3)
      at flushSyncCallbacks (node_modules/react-dom/cjs/react-dom.development.js:12042:22)
      at flushSync (node_modules/react-dom/cjs/react-dom.development.js:26240:7)
      at ReactDOMRoot.Object.<anonymous>.ReactDOMHydrationRoot.unmount.ReactDOMRoot.unmount [as unmount] (node_modules/react-dom/cjs/react-dom.development.js:29375:5)
      at Object.unmount (node_modules/@testing-library/react/dist/pure.js:164:12)
      at node_modules/@testing-library/react/dist/pure.js:308:12
      at node_modules/@testing-library/react/dist/act-compat.js:48:24
      at act (node_modules/react/cjs/react.development.js:2512:16)
      at node_modules/@testing-library/react/dist/act-compat.js:47:25
      at node_modules/@testing-library/react/dist/pure.js:307:28
          at Array.forEach (<anonymous>)
      at cleanup (node_modules/@testing-library/react/dist/pure.js:303:22)
      at Object.<anonymous> (node_modules/@testing-library/react/dist/index.js:28:25)

  ● UI Layout Integration › should render canvas with Konva Stage and Layer

    TypeError: unsubscribe is not a function

      46 |     });
      47 |
    > 48 |     return () => unsubscribe();
         |                  ^
      49 |   }, []);
      50 |
      51 |   const signUp = async (email: string, password: string): Promise<void> => {

      at src/context/AuthContext.tsx:48:18
      at safelyCallDestroy (node_modules/react-dom/cjs/react-dom.development.js:22971:5)
      at commitHookEffectListUnmount (node_modules/react-dom/cjs/react-dom.development.js:23139:11)
      at commitPassiveUnmountInsideDeletedTreeOnFiber (node_modules/react-dom/cjs/react-dom.development.js:25140:11)
      at commitPassiveUnmountEffectsInsideOfDeletedTree_begin (node_modules/react-dom/cjs/react-dom.development.js:25087:5)
      at commitPassiveUnmountEffects_begin (node_modules/react-dom/cjs/react-dom.development.js:24995:11)
      at commitPassiveUnmountEffects (node_modules/react-dom/cjs/react-dom.development.js:24980:3)
      at flushPassiveEffectsImpl (node_modules/react-dom/cjs/react-dom.development.js:27077:3)
      at flushPassiveEffects (node_modules/react-dom/cjs/react-dom.development.js:27023:14)
      at commitRootImpl (node_modules/react-dom/cjs/react-dom.development.js:26974:5)
      at commitRoot (node_modules/react-dom/cjs/react-dom.development.js:26721:5)
      at performSyncWorkOnRoot (node_modules/react-dom/cjs/react-dom.development.js:26156:3)
      at flushSyncCallbacks (node_modules/react-dom/cjs/react-dom.development.js:12042:22)
      at flushSync (node_modules/react-dom/cjs/react-dom.development.js:26240:7)
      at ReactDOMRoot.Object.<anonymous>.ReactDOMHydrationRoot.unmount.ReactDOMRoot.unmount [as unmount] (node_modules/react-dom/cjs/react-dom.development.js:29375:5)
      at Object.unmount (node_modules/@testing-library/react/dist/pure.js:164:12)
      at node_modules/@testing-library/react/dist/pure.js:308:12
      at node_modules/@testing-library/react/dist/act-compat.js:48:24
      at act (node_modules/react/cjs/react.development.js:2512:16)
      at node_modules/@testing-library/react/dist/act-compat.js:47:25
      at node_modules/@testing-library/react/dist/pure.js:307:28
          at Array.forEach (<anonymous>)
      at cleanup (node_modules/@testing-library/react/dist/pure.js:303:22)
      at Object.<anonymous> (node_modules/@testing-library/react/dist/index.js:28:25)

  ● UI Layout Integration › should display zoom indicator

    TypeError: unsubscribe is not a function

      46 |     });
      47 |
    > 48 |     return () => unsubscribe();
         |                  ^
      49 |   }, []);
      50 |
      51 |   const signUp = async (email: string, password: string): Promise<void> => {

      at src/context/AuthContext.tsx:48:18
      at safelyCallDestroy (node_modules/react-dom/cjs/react-dom.development.js:22971:5)
      at commitHookEffectListUnmount (node_modules/react-dom/cjs/react-dom.development.js:23139:11)
      at commitPassiveUnmountInsideDeletedTreeOnFiber (node_modules/react-dom/cjs/react-dom.development.js:25140:11)
      at commitPassiveUnmountEffectsInsideOfDeletedTree_begin (node_modules/react-dom/cjs/react-dom.development.js:25087:5)
      at commitPassiveUnmountEffects_begin (node_modules/react-dom/cjs/react-dom.development.js:24995:11)
      at commitPassiveUnmountEffects (node_modules/react-dom/cjs/react-dom.development.js:24980:3)
      at flushPassiveEffectsImpl (node_modules/react-dom/cjs/react-dom.development.js:27077:3)
      at flushPassiveEffects (node_modules/react-dom/cjs/react-dom.development.js:27023:14)
      at commitRootImpl (node_modules/react-dom/cjs/react-dom.development.js:26974:5)
      at commitRoot (node_modules/react-dom/cjs/react-dom.development.js:26721:5)
      at performSyncWorkOnRoot (node_modules/react-dom/cjs/react-dom.development.js:26156:3)
      at flushSyncCallbacks (node_modules/react-dom/cjs/react-dom.development.js:12042:22)
      at flushSync (node_modules/react-dom/cjs/react-dom.development.js:26240:7)
      at ReactDOMRoot.Object.<anonymous>.ReactDOMHydrationRoot.unmount.ReactDOMRoot.unmount [as unmount] (node_modules/react-dom/cjs/react-dom.development.js:29375:5)
      at Object.unmount (node_modules/@testing-library/react/dist/pure.js:164:12)
      at node_modules/@testing-library/react/dist/pure.js:308:12
      at node_modules/@testing-library/react/dist/act-compat.js:48:24
      at act (node_modules/react/cjs/react.development.js:2512:16)
      at node_modules/@testing-library/react/dist/act-compat.js:47:25
      at node_modules/@testing-library/react/dist/pure.js:307:28
          at Array.forEach (<anonymous>)
      at cleanup (node_modules/@testing-library/react/dist/pure.js:303:22)
      at Object.<anonymous> (node_modules/@testing-library/react/dist/index.js:28:25)

Test Suites: 3 failed, 3 passed, 6 total
Tests:       7 failed, 41 passed, 48 total
Snapshots:   0 total
Time:        1.843 s, estimated 2 s
Ran all test suites.
